/Users/cameronclark/Desktop/Code/Core/Src/main.c:196:5:main	32	static
/Users/cameronclark/Desktop/Code/Core/Src/main.c:302:6:SystemClock_Config	104	static
/Users/cameronclark/Desktop/Code/Core/Src/main.c:349:13:MX_ADC_Init	24	static
/Users/cameronclark/Desktop/Code/Core/Src/main.c:411:13:MX_I2C1_Init	8	static
/Users/cameronclark/Desktop/Code/Core/Src/main.c:459:13:MX_RTC_Init	32	static
/Users/cameronclark/Desktop/Code/Core/Src/main.c:522:13:MX_TIM6_Init	16	static
/Users/cameronclark/Desktop/Code/Core/Src/main.c:560:13:MX_USART1_UART_Init	8	static
/Users/cameronclark/Desktop/Code/Core/Src/main.c:595:13:MX_GPIO_Init	56	static
/Users/cameronclark/Desktop/Code/Core/Src/main.c:667:6:changeMode	16	static
/Users/cameronclark/Desktop/Code/Core/Src/main.c:676:6:HAL_TIM_PeriodElapsedCallback	16	static
/Users/cameronclark/Desktop/Code/Core/Src/main.c:715:6:readData	40	static
/Users/cameronclark/Desktop/Code/Core/Src/main.c:797:6:setSampleTime	16	static
/Users/cameronclark/Desktop/Code/Core/Src/main.c:808:6:storeData	80	static
/Users/cameronclark/Desktop/Code/Core/Src/main.c:846:6:retrieveData	88	static
/Users/cameronclark/Desktop/Code/Core/Src/main.c:911:6:liveData	88	static
/Users/cameronclark/Desktop/Code/Core/Src/main.c:937:6:transmitFromIndex	40	static
/Users/cameronclark/Desktop/Code/Core/Src/main.c:957:6:Error_Handler	8	static,ignoring_inline_asm
