Archive member included to satisfy reference by file (symbol)

/Applications/STM32CubeIDE.app/Contents/Eclipse/plugins/com.st.stm32cube.ide.mcu.externaltools.gnu-tools-for-stm32.10.3-2021.10.macos64_1.0.200.202301161003/tools/bin/../lib/gcc/arm-none-eabi/10.3.1/../../../../arm-none-eabi/lib/thumb/v6-m/nofp/libc_nano.a(lib_a-errno.o)
                              ./Application/User/Core/syscalls.o (__errno)
/Applications/STM32CubeIDE.app/Contents/Eclipse/plugins/com.st.stm32cube.ide.mcu.externaltools.gnu-tools-for-stm32.10.3-2021.10.macos64_1.0.200.202301161003/tools/bin/../lib/gcc/arm-none-eabi/10.3.1/../../../../arm-none-eabi/lib/thumb/v6-m/nofp/libc_nano.a(lib_a-exit.o)
                              /Applications/STM32CubeIDE.app/Contents/Eclipse/plugins/com.st.stm32cube.ide.mcu.externaltools.gnu-tools-for-stm32.10.3-2021.10.macos64_1.0.200.202301161003/tools/bin/../lib/gcc/arm-none-eabi/10.3.1/../../../../arm-none-eabi/lib/thumb/v6-m/nofp/crt0.o (exit)
/Applications/STM32CubeIDE.app/Contents/Eclipse/plugins/com.st.stm32cube.ide.mcu.externaltools.gnu-tools-for-stm32.10.3-2021.10.macos64_1.0.200.202301161003/tools/bin/../lib/gcc/arm-none-eabi/10.3.1/../../../../arm-none-eabi/lib/thumb/v6-m/nofp/libc_nano.a(lib_a-impure.o)
                              /Applications/STM32CubeIDE.app/Contents/Eclipse/plugins/com.st.stm32cube.ide.mcu.externaltools.gnu-tools-for-stm32.10.3-2021.10.macos64_1.0.200.202301161003/tools/bin/../lib/gcc/arm-none-eabi/10.3.1/../../../../arm-none-eabi/lib/thumb/v6-m/nofp/libc_nano.a(lib_a-exit.o) (_global_impure_ptr)
/Applications/STM32CubeIDE.app/Contents/Eclipse/plugins/com.st.stm32cube.ide.mcu.externaltools.gnu-tools-for-stm32.10.3-2021.10.macos64_1.0.200.202301161003/tools/bin/../lib/gcc/arm-none-eabi/10.3.1/../../../../arm-none-eabi/lib/thumb/v6-m/nofp/libc_nano.a(lib_a-init.o)
                              /Applications/STM32CubeIDE.app/Contents/Eclipse/plugins/com.st.stm32cube.ide.mcu.externaltools.gnu-tools-for-stm32.10.3-2021.10.macos64_1.0.200.202301161003/tools/bin/../lib/gcc/arm-none-eabi/10.3.1/../../../../arm-none-eabi/lib/thumb/v6-m/nofp/crt0.o (__libc_init_array)
/Applications/STM32CubeIDE.app/Contents/Eclipse/plugins/com.st.stm32cube.ide.mcu.externaltools.gnu-tools-for-stm32.10.3-2021.10.macos64_1.0.200.202301161003/tools/bin/../lib/gcc/arm-none-eabi/10.3.1/../../../../arm-none-eabi/lib/thumb/v6-m/nofp/libc_nano.a(lib_a-memset.o)
                              /Applications/STM32CubeIDE.app/Contents/Eclipse/plugins/com.st.stm32cube.ide.mcu.externaltools.gnu-tools-for-stm32.10.3-2021.10.macos64_1.0.200.202301161003/tools/bin/../lib/gcc/arm-none-eabi/10.3.1/../../../../arm-none-eabi/lib/thumb/v6-m/nofp/crt0.o (memset)
/Applications/STM32CubeIDE.app/Contents/Eclipse/plugins/com.st.stm32cube.ide.mcu.externaltools.gnu-tools-for-stm32.10.3-2021.10.macos64_1.0.200.202301161003/tools/bin/../lib/gcc/arm-none-eabi/10.3.1/../../../../arm-none-eabi/lib/thumb/v6-m/nofp/libc_nano.a(lib_a-sprintf.o)
                              ./Application/User/Core/main.o (sprintf)
/Applications/STM32CubeIDE.app/Contents/Eclipse/plugins/com.st.stm32cube.ide.mcu.externaltools.gnu-tools-for-stm32.10.3-2021.10.macos64_1.0.200.202301161003/tools/bin/../lib/gcc/arm-none-eabi/10.3.1/../../../../arm-none-eabi/lib/thumb/v6-m/nofp/libc_nano.a(lib_a-nano-svfprintf.o)
                              /Applications/STM32CubeIDE.app/Contents/Eclipse/plugins/com.st.stm32cube.ide.mcu.externaltools.gnu-tools-for-stm32.10.3-2021.10.macos64_1.0.200.202301161003/tools/bin/../lib/gcc/arm-none-eabi/10.3.1/../../../../arm-none-eabi/lib/thumb/v6-m/nofp/libc_nano.a(lib_a-sprintf.o) (_svfprintf_r)
/Applications/STM32CubeIDE.app/Contents/Eclipse/plugins/com.st.stm32cube.ide.mcu.externaltools.gnu-tools-for-stm32.10.3-2021.10.macos64_1.0.200.202301161003/tools/bin/../lib/gcc/arm-none-eabi/10.3.1/../../../../arm-none-eabi/lib/thumb/v6-m/nofp/libc_nano.a(lib_a-nano-vfprintf_i.o)
                              /Applications/STM32CubeIDE.app/Contents/Eclipse/plugins/com.st.stm32cube.ide.mcu.externaltools.gnu-tools-for-stm32.10.3-2021.10.macos64_1.0.200.202301161003/tools/bin/../lib/gcc/arm-none-eabi/10.3.1/../../../../arm-none-eabi/lib/thumb/v6-m/nofp/libc_nano.a(lib_a-nano-svfprintf.o) (_printf_i)
/Applications/STM32CubeIDE.app/Contents/Eclipse/plugins/com.st.stm32cube.ide.mcu.externaltools.gnu-tools-for-stm32.10.3-2021.10.macos64_1.0.200.202301161003/tools/bin/../lib/gcc/arm-none-eabi/10.3.1/../../../../arm-none-eabi/lib/thumb/v6-m/nofp/libc_nano.a(lib_a-memchr-stub.o)
                              /Applications/STM32CubeIDE.app/Contents/Eclipse/plugins/com.st.stm32cube.ide.mcu.externaltools.gnu-tools-for-stm32.10.3-2021.10.macos64_1.0.200.202301161003/tools/bin/../lib/gcc/arm-none-eabi/10.3.1/../../../../arm-none-eabi/lib/thumb/v6-m/nofp/libc_nano.a(lib_a-nano-svfprintf.o) (memchr)
[...]
Memory Configuration

Name             Origin             Length             Attributes
RAM              0x0000000020000000 0x0000000000002000 xrw
FLASH            0x0000000008000000 0x0000000000008000 xr
*default*        0x0000000000000000 0xffffffffffffffff

Linker script and memory map

LOAD /Applications/STM32CubeIDE.app/Contents/Eclipse/plugins/com.st.stm32cube.ide.mcu.externaltools.gnu-tools-for-stm32.10.3-2021.10.macos64_1.0.200.202301161003/tools/bin/../lib/gcc/arm-none-eabi/10.3.1/thumb/v6-m/nofp/crti.o
LOAD /Applications/STM32CubeIDE.app/Contents/Eclipse/plugins/com.st.stm32cube.ide.mcu.externaltools.gnu-tools-for-stm32.10.3-2021.10.macos64_1.0.200.202301161003/tools/bin/../lib/gcc/arm-none-eabi/10.3.1/thumb/v6-m/nofp/crtbegin.o
LOAD /Applications/STM32CubeIDE.app/Contents/Eclipse/plugins/com.st.stm32cube.ide.mcu.externaltools.gnu-tools-for-stm32.10.3-2021.10.macos64_1.0.200.202301161003/tools/bin/../lib/gcc/arm-none-eabi/10.3.1/../../../../arm-none-eabi/lib/thumb/v6-m/nofp/crt0.o
LOAD ./Application/User/Core/main.o
LOAD ./Application/User/Core/stm32f0xx_hal_msp.o
LOAD ./Application/User/Core/stm32f0xx_it.o
LOAD ./Application/User/Core/syscalls.o
LOAD ./Application/User/Core/sysmem.o
LOAD ./Application/User/Startup/startup_stm32f051c6tx.o
LOAD ./Drivers/CMSIS/system_stm32f0xx.o
LOAD ./Drivers/STM32F0xx_HAL_Driver/stm32f0xx_hal.o
LOAD ./Drivers/STM32F0xx_HAL_Driver/stm32f0xx_hal_adc.o
LOAD ./Drivers/STM32F0xx_HAL_Driver/stm32f0xx_hal_adc_ex.o
LOAD ./Drivers/STM32F0xx_HAL_Driver/stm32f0xx_hal_cortex.o
LOAD ./Drivers/STM32F0xx_HAL_Driver/stm32f0xx_hal_dma.o
LOAD ./Drivers/STM32F0xx_HAL_Driver/stm32f0xx_hal_exti.o
LOAD ./Drivers/STM32F0xx_HAL_Driver/stm32f0xx_hal_flash.o
LOAD ./Drivers/STM32F0xx_HAL_Driver/stm32f0xx_hal_flash_ex.o
LOAD ./Drivers/STM32F0xx_HAL_Driver/stm32f0xx_hal_gpio.o
LOAD ./Drivers/STM32F0xx_HAL_Driver/stm32f0xx_hal_i2c.o
LOAD ./Drivers/STM32F0xx_HAL_Driver/stm32f0xx_hal_i2c_ex.o
LOAD ./Drivers/STM32F0xx_HAL_Driver/stm32f0xx_hal_pwr.o
LOAD ./Drivers/STM32F0xx_HAL_Driver/stm32f0xx_hal_pwr_ex.o
LOAD ./Drivers/STM32F0xx_HAL_Driver/stm32f0xx_hal_rcc.o
LOAD ./Drivers/STM32F0xx_HAL_Driver/stm32f0xx_hal_rcc_ex.o
LOAD ./Drivers/STM32F0xx_HAL_Driver/stm32f0xx_hal_rtc.o
LOAD ./Drivers/STM32F0xx_HAL_Driver/stm32f0xx_hal_rtc_ex.o
LOAD ./Drivers/STM32F0xx_HAL_Driver/stm32f0xx_hal_tim.o
LOAD ./Drivers/STM32F0xx_HAL_Driver/stm32f0xx_hal_tim_ex.o
LOAD ./Drivers/STM32F0xx_HAL_Driver/stm32f0xx_hal_uart.o
LOAD ./Drivers/STM32F0xx_HAL_Driver/stm32f0xx_hal_uart_ex.o
START GROUP
LOAD /Applications/STM32CubeIDE.app/Contents/Eclipse/plugins/com.st.stm32cube.ide.mcu.externaltools.gnu-tools-for-stm32.10.3-2021.10.macos64_1.0.200.202301161003/tools/bin/../lib/gcc/arm-none-eabi/10.3.1/../../../../arm-none-eabi/lib/thumb/v6-m/nofp/libc_nano.a
LOAD /Applications/STM32CubeIDE.app/Contents/Eclipse/plugins/com.st.stm32cube.ide.mcu.externaltools.gnu-tools-for-stm32.10.3-2021.10.macos64_1.0.200.202301161003/tools/bin/../lib/gcc/arm-none-eabi/10.3.1/../../../../arm-none-eabi/lib/thumb/v6-m/nofp/libm.a
END GROUP
START GROUP
LOAD /Applications/STM32CubeIDE.app/Contents/Eclipse/plugins/com.st.stm32cube.ide.mcu.externaltools.gnu-tools-for-stm32.10.3-2021.10.macos64_1.0.200.202301161003/tools/bin/../lib/gcc/arm-none-eabi/10.3.1/thumb/v6-m/nofp/libgcc.a
LOAD /Applications/STM32CubeIDE.app/Contents/Eclipse/plugins/com.st.stm32cube.ide.mcu.externaltools.gnu-tools-for-stm32.10.3-2021.10.macos64_1.0.200.202301161003/tools/bin/../lib/gcc/arm-none-eabi/10.3.1/../../../../arm-none-eabi/lib/thumb/v6-m/nofp/libc_nano.a
END GROUP
START GROUP
LOAD /Applications/STM32CubeIDE.app/Contents/Eclipse/plugins/com.st.stm32cube.ide.mcu.externaltools.gnu-tools-for-stm32.10.3-2021.10.macos64_1.0.200.202301161003/tools/bin/../lib/gcc/arm-none-eabi/10.3.1/thumb/v6-m/nofp/libgcc.a
LOAD /Applications/STM32CubeIDE.app/Contents/Eclipse/plugins/com.st.stm32cube.ide.mcu.externaltools.gnu-tools-for-stm32.10.3-2021.10.macos64_1.0.200.202301161003/tools/bin/../lib/gcc/arm-none-eabi/10.3.1/../../../../arm-none-eabi/lib/thumb/v6-m/nofp/libc_nano.a
LOAD /Applications/STM32CubeIDE.app/Contents/Eclipse/plugins/com.st.stm32cube.ide.mcu.externaltools.gnu-tools-for-stm32.10.3-2021.10.macos64_1.0.200.202301161003/tools/bin/../lib/gcc/arm-none-eabi/10.3.1/../../../../arm-none-eabi/lib/thumb/v6-m/nofp/libnosys.a
END GROUP
START GROUP
LOAD /Applications/STM32CubeIDE.app/Contents/Eclipse/plugins/com.st.stm32cube.ide.mcu.externaltools.gnu-tools-for-stm32.10.3-2021.10.macos64_1.0.200.202301161003/tools/bin/../lib/gcc/arm-none-eabi/10.3.1/thumb/v6-m/nofp/libgcc.a
LOAD /Applications/STM32CubeIDE.app/Contents/Eclipse/plugins/com.st.stm32cube.ide.mcu.externaltools.gnu-tools-for-stm32.10.3-2021.10.macos64_1.0.200.202301161003/tools/bin/../lib/gcc/arm-none-eabi/10.3.1/../../../../arm-none-eabi/lib/thumb/v6-m/nofp/libc_nano.a
LOAD /Applications/STM32CubeIDE.app/Contents/Eclipse/plugins/com.st.stm32cube.ide.mcu.externaltools.gnu-tools-for-stm32.10.3-2021.10.macos64_1.0.200.202301161003/tools/bin/../lib/gcc/arm-none-eabi/10.3.1/../../../../arm-none-eabi/lib/thumb/v6-m/nofp/libnosys.a
END GROUP
LOAD /Applications/STM32CubeIDE.app/Contents/Eclipse/plugins/com.st.stm32cube.ide.mcu.externaltools.gnu-tools-for-stm32.10.3-2021.10.macos64_1.0.200.202301161003/tools/bin/../lib/gcc/arm-none-eabi/10.3.1/thumb/v6-m/nofp/crtend.o
LOAD /Applications/STM32CubeIDE.app/Contents/Eclipse/plugins/com.st.stm32cube.ide.mcu.externaltools.gnu-tools-for-stm32.10.3-2021.10.macos64_1.0.200.202301161003/tools/bin/../lib/gcc/arm-none-eabi/10.3.1/thumb/v6-m/nofp/crtn.o
                0x0000000020002000                _estack = (ORIGIN (RAM) + LENGTH (RAM))
                0x0000000000000200                _Min_Heap_Size = 0x200
                0x0000000000000400                _Min_Stack_Size = 0x400

.isr_vector     0x0000000008000000       0xc0
                0x0000000008000000                . = ALIGN (0x4)
 *(.isr_vector)
 .isr_vector    0x0000000008000000       0xc0 ./Application/User/Startup/startup_stm32f051c6tx.o
                0x0000000008000000                g_pfnVectors
                0x00000000080000c0                . = ALIGN (0x4)

.text           0x00000000080000c0     0x606c
                0x00000000080000c0                . = ALIGN (0x4)
 *(.text)
 .text          0x00000000080000c0       0x48 /Applications/STM32CubeIDE.app/Contents/Eclipse/plugins/com.st.stm32cube.ide.mcu.externaltools.gnu-tools-for-stm32.10.3-2021.10.macos64_1.0.200.202301161003/tools/bin/../lib/gcc/arm-none-eabi/10.3.1/thumb/v6-m/nofp/crtbegin.o
 .text          0x0000000008000108       0x14 /Applications/STM32CubeIDE.app/Contents/Eclipse/plugins/com.st.stm32cube.ide.mcu.externaltools.gnu-tools-for-stm32.10.3-2021.10.macos64_1.0.200.202301161003/tools/bin/../lib/gcc/arm-none-eabi/10.3.1/thumb/v6-m/nofp/libgcc.a(_thumb1_case_shi.o)
                0x0000000008000108                __gnu_thumb1_case_shi
 .text          0x000000000800011c      0x114 /Applications/STM32CubeIDE.app/Contents/Eclipse/plugins/com.st.stm32cube.ide.mcu.externaltools.gnu-tools-for-stm32.10.3-2021.10.macos64_1.0.200.202301161003/tools/bin/../lib/gcc/arm-none-eabi/10.3.1/thumb/v6-m/nofp/libgcc.a(_udivsi3.o)
                0x000000000800011c                __udivsi3
                0x000000000800011c                __aeabi_uidiv
                0x0000000008000228                __aeabi_uidivmod
 .text          0x0000000008000230        0x4 /Applications/STM32CubeIDE.app/Contents/Eclipse/plugins/com.st.stm32cube.ide.mcu.externaltools.gnu-tools-for-stm32.10.3-2021.10.macos64_1.0.200.202301161003/tools/bin/../lib/gcc/arm-none-eabi/10.3.1/thumb/v6-m/nofp/libgcc.a(_dvmd_tls.o)
                0x0000000008000230                __aeabi_ldiv0
                0x0000000008000230                __aeabi_idiv0
 *(.text*)
 .text.main     0x0000000008000234      0x1b4 ./Application/User/Core/main.o
                0x0000000008000234                main
 .text.SystemClock_Config
                0x00000000080003e8       0xc8 ./Application/User/Core/main.o
                0x00000000080003e8                SystemClock_Config
 .text.MX_ADC_Init
                0x00000000080004b0       0xd0 ./Application/User/Core/main.o
 .text.MX_I2C1_Init
                0x0000000008000580       0x80 ./Application/User/Core/main.o
 .text.MX_RTC_Init
                0x0000000008000600       0xc8 ./Application/User/Core/main.o
 .text.MX_TIM6_Init
                0x00000000080006c8       0x7c ./Application/User/Core/main.o
 .text.MX_USART1_UART_Init
                0x0000000008000744       0x64 ./Application/User/Core/main.o
 .text.MX_GPIO_Init
                0x00000000080007a8      0x1a0 ./Application/User/Core/main.o
 .text.changeMode
                0x0000000008000948       0x70 ./Application/User/Core/main.o
                0x0000000008000948                changeMode
 .text.HAL_TIM_PeriodElapsedCallback
                0x00000000080009b8       0xd4 ./Application/User/Core/main.o
                0x00000000080009b8                HAL_TIM_PeriodElapsedCallback
 .text.readData
                0x0000000008000a8c      0x340 ./Application/User/Core/main.o
                0x0000000008000a8c                readData
 .text.setSampleTime
                0x0000000008000dcc       0x90 ./Application/User/Core/main.o
                0x0000000008000dcc                setSampleTime
 .text.storeData
                0x0000000008000e5c      0x154 ./Application/User/Core/main.o
                0x0000000008000e5c                storeData
 .text.retrieveData
                0x0000000008000fb0      0x2ac ./Application/User/Core/main.o
                0x0000000008000fb0                retrieveData
 .text.liveData
                0x000000000800125c       0xe0 ./Application/User/Core/main.o
                0x000000000800125c                liveData
 .text.transmitFromIndex
                0x000000000800133c       0xd0 ./Application/User/Core/main.o
                0x000000000800133c                transmitFromIndex
 .text.Error_Handler
                0x000000000800140c        0xa ./Application/User/Core/main.o
                0x000000000800140c                Error_Handler
 *fill*         0x0000000008001416        0x2 
 .text.HAL_MspInit
                0x0000000008001418       0x48 ./Application/User/Core/stm32f0xx_hal_msp.o
                0x0000000008001418                HAL_MspInit
 .text.HAL_ADC_MspInit
                0x0000000008001460       0x8c ./Application/User/Core/stm32f0xx_hal_msp.o
                0x0000000008001460                HAL_ADC_MspInit
 .text.HAL_I2C_MspInit
                0x00000000080014ec       0x9c ./Application/User/Core/stm32f0xx_hal_msp.o
                0x00000000080014ec                HAL_I2C_MspInit
 .text.HAL_RTC_MspInit
                0x0000000008001588       0x30 ./Application/User/Core/stm32f0xx_hal_msp.o
                0x0000000008001588                HAL_RTC_MspInit
 .text.HAL_TIM_Base_MspInit
                0x00000000080015b8       0x4c ./Application/User/Core/stm32f0xx_hal_msp.o
                0x00000000080015b8                HAL_TIM_Base_MspInit
 .text.HAL_UART_MspInit
                0x0000000008001604       0x9c ./Application/User/Core/stm32f0xx_hal_msp.o
                0x0000000008001604                HAL_UART_MspInit
 .text.NMI_Handler
                0x00000000080016a0        0x6 ./Application/User/Core/stm32f0xx_it.o
                0x00000000080016a0                NMI_Handler
 .text.HardFault_Handler
                0x00000000080016a6        0x6 ./Application/User/Core/stm32f0xx_it.o
                0x00000000080016a6                HardFault_Handler
 .text.SVC_Handler
                0x00000000080016ac        0xa ./Application/User/Core/stm32f0xx_it.o
                0x00000000080016ac                SVC_Handler
 .text.PendSV_Handler
                0x00000000080016b6        0xa ./Application/User/Core/stm32f0xx_it.o
                0x00000000080016b6                PendSV_Handler
 .text.SysTick_Handler
                0x00000000080016c0        0xe ./Application/User/Core/stm32f0xx_it.o
                0x00000000080016c0                SysTick_Handler
 *fill*         0x00000000080016ce        0x2 
 .text.TIM6_DAC_IRQHandler
                0x00000000080016d0       0x18 ./Application/User/Core/stm32f0xx_it.o
                0x00000000080016d0                TIM6_DAC_IRQHandler
 .text._sbrk    0x00000000080016e8       0x6c ./Application/User/Core/sysmem.o
                0x00000000080016e8                _sbrk
 .text.Reset_Handler
                0x0000000008001754       0x50 ./Application/User/Startup/startup_stm32f051c6tx.o
                0x0000000008001754                Reset_Handler
 .text.Default_Handler
                0x00000000080017a4        0x2 ./Application/User/Startup/startup_stm32f051c6tx.o
                0x00000000080017a4                TIM1_BRK_UP_TRG_COM_IRQHandler
                0x00000000080017a4                TSC_IRQHandler
                0x00000000080017a4                ADC1_COMP_IRQHandler
                0x00000000080017a4                PVD_IRQHandler
                0x00000000080017a4                I2C1_IRQHandler
                0x00000000080017a4                RCC_CRS_IRQHandler
                0x00000000080017a4                SPI1_IRQHandler
                0x00000000080017a4                EXTI2_3_IRQHandler
                0x00000000080017a4                I2C2_IRQHandler
                0x00000000080017a4                TIM17_IRQHandler
                0x00000000080017a4                CEC_CAN_IRQHandler
                0x00000000080017a4                RTC_IRQHandler
                0x00000000080017a4                TIM16_IRQHandler
                0x00000000080017a4                TIM3_IRQHandler
                0x00000000080017a4                EXTI4_15_IRQHandler
                0x00000000080017a4                DMA1_Channel1_IRQHandler
                0x00000000080017a4                Default_Handler
                0x00000000080017a4                TIM14_IRQHandler
                0x00000000080017a4                DMA1_Channel4_5_IRQHandler
                0x00000000080017a4                TIM15_IRQHandler
                0x00000000080017a4                EXTI0_1_IRQHandler
                0x00000000080017a4                SPI2_IRQHandler
                0x00000000080017a4                WWDG_IRQHandler
                0x00000000080017a4                TIM2_IRQHandler
                0x00000000080017a4                DMA1_Channel2_3_IRQHandler
                0x00000000080017a4                USART2_IRQHandler
                0x00000000080017a4                FLASH_IRQHandler
                0x00000000080017a4                USART1_IRQHandler
                0x00000000080017a4                TIM1_CC_IRQHandler
 .text.SystemInit
                0x00000000080017a6        0xa ./Drivers/CMSIS/system_stm32f0xx.o
                0x00000000080017a6                SystemInit
 .text.HAL_Init
                0x00000000080017b0       0x28 ./Drivers/STM32F0xx_HAL_Driver/stm32f0xx_hal.o
                0x00000000080017b0                HAL_Init
 .text.HAL_InitTick
                0x00000000080017d8       0x68 ./Drivers/STM32F0xx_HAL_Driver/stm32f0xx_hal.o
                0x00000000080017d8                HAL_InitTick
 .text.HAL_IncTick
                0x0000000008001840       0x24 ./Drivers/STM32F0xx_HAL_Driver/stm32f0xx_hal.o
                0x0000000008001840                HAL_IncTick
 .text.HAL_GetTick
                0x0000000008001864       0x14 ./Drivers/STM32F0xx_HAL_Driver/stm32f0xx_hal.o
                0x0000000008001864                HAL_GetTick
 .text.HAL_Delay
                0x0000000008001878       0x48 ./Drivers/STM32F0xx_HAL_Driver/stm32f0xx_hal.o
                0x0000000008001878                HAL_Delay
 .text.HAL_ADC_Init
                0x00000000080018c0      0x280 ./Drivers/STM32F0xx_HAL_Driver/stm32f0xx_hal_adc.o
                0x00000000080018c0                HAL_ADC_Init
 .text.HAL_ADC_ConfigChannel
                0x0000000008001b40      0x21c ./Drivers/STM32F0xx_HAL_Driver/stm32f0xx_hal_adc.o
                0x0000000008001b40                HAL_ADC_ConfigChannel
 .text.__NVIC_EnableIRQ
                0x0000000008001d5c       0x34 ./Drivers/STM32F0xx_HAL_Driver/stm32f0xx_hal_cortex.o
 .text.__NVIC_SetPriority
                0x0000000008001d90       0xdc ./Drivers/STM32F0xx_HAL_Driver/stm32f0xx_hal_cortex.o
 .text.SysTick_Config
                0x0000000008001e6c       0x48 ./Drivers/STM32F0xx_HAL_Driver/stm32f0xx_hal_cortex.o
 .text.HAL_NVIC_SetPriority
                0x0000000008001eb4       0x2a ./Drivers/STM32F0xx_HAL_Driver/stm32f0xx_hal_cortex.o
                0x0000000008001eb4                HAL_NVIC_SetPriority
 .text.HAL_NVIC_EnableIRQ
                0x0000000008001ede       0x20 ./Drivers/STM32F0xx_HAL_Driver/stm32f0xx_hal_cortex.o
                0x0000000008001ede                HAL_NVIC_EnableIRQ
 .text.HAL_SYSTICK_Config
                0x0000000008001efe       0x1a ./Drivers/STM32F0xx_HAL_Driver/stm32f0xx_hal_cortex.o
                0x0000000008001efe                HAL_SYSTICK_Config
 .text.HAL_GPIO_Init
                0x0000000008001f18      0x2e0 ./Drivers/STM32F0xx_HAL_Driver/stm32f0xx_hal_gpio.o
                0x0000000008001f18                HAL_GPIO_Init
 .text.HAL_GPIO_WritePin
                0x00000000080021f8       0x3a ./Drivers/STM32F0xx_HAL_Driver/stm32f0xx_hal_gpio.o
                0x00000000080021f8                HAL_GPIO_WritePin
 .text.HAL_GPIO_TogglePin
                0x0000000008002232       0x36 ./Drivers/STM32F0xx_HAL_Driver/stm32f0xx_hal_gpio.o
                0x0000000008002232                HAL_GPIO_TogglePin
 .text.HAL_I2C_Init
                0x0000000008002268      0x12c ./Drivers/STM32F0xx_HAL_Driver/stm32f0xx_hal_i2c.o
                0x0000000008002268                HAL_I2C_Init
 .text.HAL_I2C_Master_Transmit
                0x0000000008002394      0x210 ./Drivers/STM32F0xx_HAL_Driver/stm32f0xx_hal_i2c.o
                0x0000000008002394                HAL_I2C_Master_Transmit
 .text.HAL_I2C_Master_Receive
                0x00000000080025a4      0x210 ./Drivers/STM32F0xx_HAL_Driver/stm32f0xx_hal_i2c.o
                0x00000000080025a4                HAL_I2C_Master_Receive
 .text.HAL_I2C_Mem_Write
                0x00000000080027b4      0x25c ./Drivers/STM32F0xx_HAL_Driver/stm32f0xx_hal_i2c.o
                0x00000000080027b4                HAL_I2C_Mem_Write
 .text.HAL_I2C_Mem_Read
                0x0000000008002a10      0x268 ./Drivers/STM32F0xx_HAL_Driver/stm32f0xx_hal_i2c.o
                0x0000000008002a10                HAL_I2C_Mem_Read
 .text.HAL_I2C_IsDeviceReady
                0x0000000008002c78      0x234 ./Drivers/STM32F0xx_HAL_Driver/stm32f0xx_hal_i2c.o
                0x0000000008002c78                HAL_I2C_IsDeviceReady
 .text.I2C_RequestMemoryWrite
                0x0000000008002eac       0xc8 ./Drivers/STM32F0xx_HAL_Driver/stm32f0xx_hal_i2c.o
 .text.I2C_RequestMemoryRead
                0x0000000008002f74       0xc4 ./Drivers/STM32F0xx_HAL_Driver/stm32f0xx_hal_i2c.o
 .text.I2C_Flush_TXDR
                0x0000000008003038       0x44 ./Drivers/STM32F0xx_HAL_Driver/stm32f0xx_hal_i2c.o
 .text.I2C_WaitOnFlagUntilTimeout
                0x000000000800307c       0x9c ./Drivers/STM32F0xx_HAL_Driver/stm32f0xx_hal_i2c.o
 .text.I2C_WaitOnTXISFlagUntilTimeout
                0x0000000008003118       0x8c ./Drivers/STM32F0xx_HAL_Driver/stm32f0xx_hal_i2c.o
 .text.I2C_WaitOnSTOPFlagUntilTimeout
                0x00000000080031a4       0x86 ./Drivers/STM32F0xx_HAL_Driver/stm32f0xx_hal_i2c.o
 *fill*         0x000000000800322a        0x2 
 .text.I2C_WaitOnRXNEFlagUntilTimeout
                0x000000000800322c      0x104 ./Drivers/STM32F0xx_HAL_Driver/stm32f0xx_hal_i2c.o
 .text.I2C_IsErrorOccurred
                0x0000000008003330      0x200 ./Drivers/STM32F0xx_HAL_Driver/stm32f0xx_hal_i2c.o
 .text.I2C_TransferConfig
                0x0000000008003530       0x74 ./Drivers/STM32F0xx_HAL_Driver/stm32f0xx_hal_i2c.o
 .text.HAL_I2CEx_ConfigAnalogFilter
                0x00000000080035a4       0x98 ./Drivers/STM32F0xx_HAL_Driver/stm32f0xx_hal_i2c_ex.o
                0x00000000080035a4                HAL_I2CEx_ConfigAnalogFilter
 .text.HAL_I2CEx_ConfigDigitalFilter
                0x000000000800363c       0x98 ./Drivers/STM32F0xx_HAL_Driver/stm32f0xx_hal_i2c_ex.o
                0x000000000800363c                HAL_I2CEx_ConfigDigitalFilter
 .text.HAL_RCC_OscConfig
                0x00000000080036d4      0x634 ./Drivers/STM32F0xx_HAL_Driver/stm32f0xx_hal_rcc.o
                0x00000000080036d4                HAL_RCC_OscConfig
 .text.HAL_RCC_ClockConfig
                0x0000000008003d08      0x19c ./Drivers/STM32F0xx_HAL_Driver/stm32f0xx_hal_rcc.o
                0x0000000008003d08                HAL_RCC_ClockConfig
 .text.HAL_RCC_GetSysClockFreq
                0x0000000008003ea4       0xac ./Drivers/STM32F0xx_HAL_Driver/stm32f0xx_hal_rcc.o
                0x0000000008003ea4                HAL_RCC_GetSysClockFreq
 .text.HAL_RCC_GetHCLKFreq
                0x0000000008003f50       0x14 ./Drivers/STM32F0xx_HAL_Driver/stm32f0xx_hal_rcc.o
                0x0000000008003f50                HAL_RCC_GetHCLKFreq
 .text.HAL_RCC_GetPCLK1Freq
                0x0000000008003f64       0x2c ./Drivers/STM32F0xx_HAL_Driver/stm32f0xx_hal_rcc.o
                0x0000000008003f64                HAL_RCC_GetPCLK1Freq
 .text.HAL_RCCEx_PeriphCLKConfig
                0x0000000008003f90      0x1bc ./Drivers/STM32F0xx_HAL_Driver/stm32f0xx_hal_rcc_ex.o
                0x0000000008003f90                HAL_RCCEx_PeriphCLKConfig
 .text.HAL_RTC_Init
                0x000000000800414c      0x130 ./Drivers/STM32F0xx_HAL_Driver/stm32f0xx_hal_rtc.o
                0x000000000800414c                HAL_RTC_Init
 .text.HAL_RTC_SetTime
                0x000000000800427c      0x14c ./Drivers/STM32F0xx_HAL_Driver/stm32f0xx_hal_rtc.o
                0x000000000800427c                HAL_RTC_SetTime
 .text.HAL_RTC_GetTime
                0x00000000080043c8       0xbc ./Drivers/STM32F0xx_HAL_Driver/stm32f0xx_hal_rtc.o
                0x00000000080043c8                HAL_RTC_GetTime
 .text.HAL_RTC_SetDate
                0x0000000008004484      0x120 ./Drivers/STM32F0xx_HAL_Driver/stm32f0xx_hal_rtc.o
                0x0000000008004484                HAL_RTC_SetDate
 .text.HAL_RTC_GetDate
                0x00000000080045a4       0xa0 ./Drivers/STM32F0xx_HAL_Driver/stm32f0xx_hal_rtc.o
                0x00000000080045a4                HAL_RTC_GetDate
 .text.HAL_RTC_WaitForSynchro
                0x0000000008004644       0x50 ./Drivers/STM32F0xx_HAL_Driver/stm32f0xx_hal_rtc.o
                0x0000000008004644                HAL_RTC_WaitForSynchro
 .text.RTC_EnterInitMode
                0x0000000008004694       0x86 ./Drivers/STM32F0xx_HAL_Driver/stm32f0xx_hal_rtc.o
                0x0000000008004694                RTC_EnterInitMode
 .text.RTC_ExitInitMode
                0x000000000800471a       0x52 ./Drivers/STM32F0xx_HAL_Driver/stm32f0xx_hal_rtc.o
                0x000000000800471a                RTC_ExitInitMode
 .text.RTC_ByteToBcd2
                0x000000000800476c       0x42 ./Drivers/STM32F0xx_HAL_Driver/stm32f0xx_hal_rtc.o
                0x000000000800476c                RTC_ByteToBcd2
 .text.RTC_Bcd2ToByte
                0x00000000080047ae       0x3e ./Drivers/STM32F0xx_HAL_Driver/stm32f0xx_hal_rtc.o
                0x00000000080047ae                RTC_Bcd2ToByte
 .text.HAL_TIM_Base_Init
                0x00000000080047ec       0xa0 ./Drivers/STM32F0xx_HAL_Driver/stm32f0xx_hal_tim.o
                0x00000000080047ec                HAL_TIM_Base_Init
 .text.HAL_TIM_Base_Start_IT
                0x000000000800488c       0xa4 ./Drivers/STM32F0xx_HAL_Driver/stm32f0xx_hal_tim.o
                0x000000000800488c                HAL_TIM_Base_Start_IT
 .text.HAL_TIM_IRQHandler
                0x0000000008004930      0x22c ./Drivers/STM32F0xx_HAL_Driver/stm32f0xx_hal_tim.o
                0x0000000008004930                HAL_TIM_IRQHandler
 .text.HAL_TIM_OC_DelayElapsedCallback
                0x0000000008004b5c       0x10 ./Drivers/STM32F0xx_HAL_Driver/stm32f0xx_hal_tim.o
                0x0000000008004b5c                HAL_TIM_OC_DelayElapsedCallback
 .text.HAL_TIM_IC_CaptureCallback
                0x0000000008004b6c       0x10 ./Drivers/STM32F0xx_HAL_Driver/stm32f0xx_hal_tim.o
                0x0000000008004b6c                HAL_TIM_IC_CaptureCallback
 .text.HAL_TIM_PWM_PulseFinishedCallback
                0x0000000008004b7c       0x10 ./Drivers/STM32F0xx_HAL_Driver/stm32f0xx_hal_tim.o
                0x0000000008004b7c                HAL_TIM_PWM_PulseFinishedCallback
 .text.HAL_TIM_TriggerCallback
                0x0000000008004b8c       0x10 ./Drivers/STM32F0xx_HAL_Driver/stm32f0xx_hal_tim.o
                0x0000000008004b8c                HAL_TIM_TriggerCallback
 .text.TIM_Base_SetConfig
                0x0000000008004b9c      0x100 ./Drivers/STM32F0xx_HAL_Driver/stm32f0xx_hal_tim.o
                0x0000000008004b9c                TIM_Base_SetConfig
 .text.HAL_TIMEx_MasterConfigSynchronization
                0x0000000008004c9c       0xbc ./Drivers/STM32F0xx_HAL_Driver/stm32f0xx_hal_tim_ex.o
                0x0000000008004c9c                HAL_TIMEx_MasterConfigSynchronization
 .text.HAL_TIMEx_CommutCallback
                0x0000000008004d58       0x10 ./Drivers/STM32F0xx_HAL_Driver/stm32f0xx_hal_tim_ex.o
                0x0000000008004d58                HAL_TIMEx_CommutCallback
 .text.HAL_TIMEx_BreakCallback
                0x0000000008004d68       0x10 ./Drivers/STM32F0xx_HAL_Driver/stm32f0xx_hal_tim_ex.o
                0x0000000008004d68                HAL_TIMEx_BreakCallback
 .text.HAL_UART_Init
                0x0000000008004d78       0xa8 ./Drivers/STM32F0xx_HAL_Driver/stm32f0xx_hal_uart.o
                0x0000000008004d78                HAL_UART_Init
 .text.HAL_UART_Transmit
                0x0000000008004e20      0x140 ./Drivers/STM32F0xx_HAL_Driver/stm32f0xx_hal_uart.o
                0x0000000008004e20                HAL_UART_Transmit
 .text.HAL_UART_Receive
                0x0000000008004f60      0x1a8 ./Drivers/STM32F0xx_HAL_Driver/stm32f0xx_hal_uart.o
                0x0000000008004f60                HAL_UART_Receive
 .text.UART_SetConfig
                0x0000000008005108      0x280 ./Drivers/STM32F0xx_HAL_Driver/stm32f0xx_hal_uart.o
                0x0000000008005108                UART_SetConfig
 .text.UART_AdvFeatureConfig
                0x0000000008005388      0x168 ./Drivers/STM32F0xx_HAL_Driver/stm32f0xx_hal_uart.o
                0x0000000008005388                UART_AdvFeatureConfig
 .text.UART_CheckIdleState
                0x00000000080054f0      0x150 ./Drivers/STM32F0xx_HAL_Driver/stm32f0xx_hal_uart.o
                0x00000000080054f0                UART_CheckIdleState
 .text.UART_WaitOnFlagUntilTimeout
                0x0000000008005640       0xd2 ./Drivers/STM32F0xx_HAL_Driver/stm32f0xx_hal_uart.o
                0x0000000008005640                UART_WaitOnFlagUntilTimeout
 *fill*         0x0000000008005712        0x2 
 .text.UART_EndRxTransfer
                0x0000000008005714       0xc8 ./Drivers/STM32F0xx_HAL_Driver/stm32f0xx_hal_uart.o
 .text.__errno  0x00000000080057dc        0xc /Applications/STM32CubeIDE.app/Contents/Eclipse/plugins/com.st.stm32cube.ide.mcu.externaltools.gnu-tools-for-stm32.10.3-2021.10.macos64_1.0.200.202301161003/tools/bin/../lib/gcc/arm-none-eabi/10.3.1/../../../../arm-none-eabi/lib/thumb/v6-m/nofp/libc_nano.a(lib_a-errno.o)
                0x00000000080057dc                __errno
 .text.__libc_init_array
                0x00000000080057e8       0x48 /Applications/STM32CubeIDE.app/Contents/Eclipse/plugins/com.st.stm32cube.ide.mcu.externaltools.gnu-tools-for-stm32.10.3-2021.10.macos64_1.0.200.202301161003/tools/bin/../lib/gcc/arm-none-eabi/10.3.1/../../../../arm-none-eabi/lib/thumb/v6-m/nofp/libc_nano.a(lib_a-init.o)
                0x00000000080057e8                __libc_init_array
 .text.memset   0x0000000008005830       0x10 /Applications/STM32CubeIDE.app/Contents/Eclipse/plugins/com.st.stm32cube.ide.mcu.externaltools.gnu-tools-for-stm32.10.3-2021.10.macos64_1.0.200.202301161003/tools/bin/../lib/gcc/arm-none-eabi/10.3.1/../../../../arm-none-eabi/lib/thumb/v6-m/nofp/libc_nano.a(lib_a-memset.o)
                0x0000000008005830                memset
 .text.sprintf  0x0000000008005840       0x40 /Applications/STM32CubeIDE.app/Contents/Eclipse/plugins/com.st.stm32cube.ide.mcu.externaltools.gnu-tools-for-stm32.10.3-2021.10.macos64_1.0.200.202301161003/tools/bin/../lib/gcc/arm-none-eabi/10.3.1/../../../../arm-none-eabi/lib/thumb/v6-m/nofp/libc_nano.a(lib_a-sprintf.o)
                0x0000000008005840                sprintf
                0x0000000008005840                siprintf
 .text.__ssputs_r
                0x0000000008005880       0xc4 /Applications/STM32CubeIDE.app/Contents/Eclipse/plugins/com.st.stm32cube.ide.mcu.externaltools.gnu-tools-for-stm32.10.3-2021.10.macos64_1.0.200.202301161003/tools/bin/../lib/gcc/arm-none-eabi/10.3.1/../../../../arm-none-eabi/lib/thumb/v6-m/nofp/libc_nano.a(lib_a-nano-svfprintf.o)
                0x0000000008005880                __ssputs_r
 .text._svfprintf_r
                0x0000000008005944      0x200 /Applications/STM32CubeIDE.app/Contents/Eclipse/plugins/com.st.stm32cube.ide.mcu.externaltools.gnu-tools-for-stm32.10.3-2021.10.macos64_1.0.200.202301161003/tools/bin/../lib/gcc/arm-none-eabi/10.3.1/../../../../arm-none-eabi/lib/thumb/v6-m/nofp/libc_nano.a(lib_a-nano-svfprintf.o)
                0x0000000008005944                _svfprintf_r
                0x0000000008005944                _svfiprintf_r
 .text._printf_common
                0x0000000008005b44       0xde /Applications/STM32CubeIDE.app/Contents/Eclipse/plugins/com.st.stm32cube.ide.mcu.externaltools.gnu-tools-for-stm32.10.3-2021.10.macos64_1.0.200.202301161003/tools/bin/../lib/gcc/arm-none-eabi/10.3.1/../../../../arm-none-eabi/lib/thumb/v6-m/nofp/libc_nano.a(lib_a-nano-vfprintf_i.o)
                0x0000000008005b44                _printf_common
 *fill*         0x0000000008005c22        0x2 
 .text._printf_i
                0x0000000008005c24      0x224 /Applications/STM32CubeIDE.app/Contents/Eclipse/plugins/com.st.stm32cube.ide.mcu.externaltools.gnu-tools-for-stm32.10.3-2021.10.macos64_1.0.200.202301161003/tools/bin/../lib/gcc/arm-none-eabi/10.3.1/../../../../arm-none-eabi/lib/thumb/v6-m/nofp/libc_nano.a(lib_a-nano-vfprintf_i.o)
                0x0000000008005c24                _printf_i
 .text.memchr   0x0000000008005e48       0x16 /Applications/STM32CubeIDE.app/Contents/Eclipse/plugins/com.st.stm32cube.ide.mcu.externaltools.gnu-tools-for-stm32.10.3-2021.10.macos64_1.0.200.202301161003/tools/bin/../lib/gcc/arm-none-eabi/10.3.1/../../../../arm-none-eabi/lib/thumb/v6-m/nofp/libc_nano.a(lib_a-memchr-stub.o)
                0x0000000008005e48                memchr
 .text.memcpy   0x0000000008005e5e       0x12 /Applications/STM32CubeIDE.app/Contents/Eclipse/plugins/com.st.stm32cube.ide.mcu.externaltools.gnu-tools-for-stm32.10.3-2021.10.macos64_1.0.200.202301161003/tools/bin/../lib/gcc/arm-none-eabi/10.3.1/../../../../arm-none-eabi/lib/thumb/v6-m/nofp/libc_nano.a(lib_a-memcpy-stub.o)
                0x0000000008005e5e                memcpy
 .text.memmove  0x0000000008005e70       0x26 /Applications/STM32CubeIDE.app/Contents/Eclipse/plugins/com.st.stm32cube.ide.mcu.externaltools.gnu-tools-for-stm32.10.3-2021.10.macos64_1.0.200.202301161003/tools/bin/../lib/gcc/arm-none-eabi/10.3.1/../../../../arm-none-eabi/lib/thumb/v6-m/nofp/libc_nano.a(lib_a-memmove.o)
                0x0000000008005e70                memmove
 *fill*         0x0000000008005e96        0x2 
 .text._free_r  0x0000000008005e98       0x94 /Applications/STM32CubeIDE.app/Contents/Eclipse/plugins/com.st.stm32cube.ide.mcu.externaltools.gnu-tools-for-stm32.10.3-2021.10.macos64_1.0.200.202301161003/tools/bin/../lib/gcc/arm-none-eabi/10.3.1/../../../../arm-none-eabi/lib/thumb/v6-m/nofp/libc_nano.a(lib_a-nano-freer.o)
                0x0000000008005e98                _free_r
 .text.sbrk_aligned
                0x0000000008005f2c       0x44 /Applications/STM32CubeIDE.app/Contents/Eclipse/plugins/com.st.stm32cube.ide.mcu.externaltools.gnu-tools-for-stm32.10.3-2021.10.macos64_1.0.200.202301161003/tools/bin/../lib/gcc/arm-none-eabi/10.3.1/../../../../arm-none-eabi/lib/thumb/v6-m/nofp/libc_nano.a(lib_a-nano-mallocr.o)
 .text._malloc_r
                0x0000000008005f70       0xec /Applications/STM32CubeIDE.app/Contents/Eclipse/plugins/com.st.stm32cube.ide.mcu.externaltools.gnu-tools-for-stm32.10.3-2021.10.macos64_1.0.200.202301161003/tools/bin/../lib/gcc/arm-none-eabi/10.3.1/../../../../arm-none-eabi/lib/thumb/v6-m/nofp/libc_nano.a(lib_a-nano-mallocr.o)
                0x0000000008005f70                _malloc_r
 .text._realloc_r
                0x000000000800605c       0x5e /Applications/STM32CubeIDE.app/Contents/Eclipse/plugins/com.st.stm32cube.ide.mcu.externaltools.gnu-tools-for-stm32.10.3-2021.10.macos64_1.0.200.202301161003/tools/bin/../lib/gcc/arm-none-eabi/10.3.1/../../../../arm-none-eabi/lib/thumb/v6-m/nofp/libc_nano.a(lib_a-nano-reallocr.o)
                0x000000000800605c                _realloc_r
 *fill*         0x00000000080060ba        0x2 
 .text._sbrk_r  0x00000000080060bc       0x24 /Applications/STM32CubeIDE.app/Contents/Eclipse/plugins/com.st.stm32cube.ide.mcu.externaltools.gnu-tools-for-stm32.10.3-2021.10.macos64_1.0.200.202301161003/tools/bin/../lib/gcc/arm-none-eabi/10.3.1/../../../../arm-none-eabi/lib/thumb/v6-m/nofp/libc_nano.a(lib_a-sbrkr.o)
                0x00000000080060bc                _sbrk_r
 .text.__malloc_lock
                0x00000000080060e0       0x10 /Applications/STM32CubeIDE.app/Contents/Eclipse/plugins/com.st.stm32cube.ide.mcu.externaltools.gnu-tools-for-stm32.10.3-2021.10.macos64_1.0.200.202301161003/tools/bin/../lib/gcc/arm-none-eabi/10.3.1/../../../../arm-none-eabi/lib/thumb/v6-m/nofp/libc_nano.a(lib_a-mlock.o)
                0x00000000080060e0                __malloc_lock
 .text.__malloc_unlock
                0x00000000080060f0       0x10 /Applications/STM32CubeIDE.app/Contents/Eclipse/plugins/com.st.stm32cube.ide.mcu.externaltools.gnu-tools-for-stm32.10.3-2021.10.macos64_1.0.200.202301161003/tools/bin/../lib/gcc/arm-none-eabi/10.3.1/../../../../arm-none-eabi/lib/thumb/v6-m/nofp/libc_nano.a(lib_a-mlock.o)
                0x00000000080060f0                __malloc_unlock
 .text._malloc_usable_size_r
                0x0000000008006100       0x10 /Applications/STM32CubeIDE.app/Contents/Eclipse/plugins/com.st.stm32cube.ide.mcu.externaltools.gnu-tools-for-stm32.10.3-2021.10.macos64_1.0.200.202301161003/tools/bin/../lib/gcc/arm-none-eabi/10.3.1/../../../../arm-none-eabi/lib/thumb/v6-m/nofp/libc_nano.a(lib_a-nano-msizer.o)
                0x0000000008006100                _malloc_usable_size_r
 .text.__retarget_lock_acquire_recursive
                0x0000000008006110        0x2 /Applications/STM32CubeIDE.app/Contents/Eclipse/plugins/com.st.stm32cube.ide.mcu.externaltools.gnu-tools-for-stm32.10.3-2021.10.macos64_1.0.200.202301161003/tools/bin/../lib/gcc/arm-none-eabi/10.3.1/../../../../arm-none-eabi/lib/thumb/v6-m/nofp/libc_nano.a(lib_a-lock.o)
                0x0000000008006110                __retarget_lock_acquire_recursive
 .text.__retarget_lock_release_recursive
                0x0000000008006112        0x2 /Applications/STM32CubeIDE.app/Contents/Eclipse/plugins/com.st.stm32cube.ide.mcu.externaltools.gnu-tools-for-stm32.10.3-2021.10.macos64_1.0.200.202301161003/tools/bin/../lib/gcc/arm-none-eabi/10.3.1/../../../../arm-none-eabi/lib/thumb/v6-m/nofp/libc_nano.a(lib_a-lock.o)
                0x0000000008006112                __retarget_lock_release_recursive
 *(.glue_7)
 .glue_7        0x0000000008006114        0x0 linker stubs
 *(.glue_7t)
 .glue_7t       0x0000000008006114        0x0 linker stubs
 *(.eh_frame)
 .eh_frame      0x0000000008006114        0x0 /Applications/STM32CubeIDE.app/Contents/Eclipse/plugins/com.st.stm32cube.ide.mcu.externaltools.gnu-tools-for-stm32.10.3-2021.10.macos64_1.0.200.202301161003/tools/bin/../lib/gcc/arm-none-eabi/10.3.1/thumb/v6-m/nofp/crtbegin.o
 *(.init)
 .init          0x0000000008006114        0x4 /Applications/STM32CubeIDE.app/Contents/Eclipse/plugins/com.st.stm32cube.ide.mcu.externaltools.gnu-tools-for-stm32.10.3-2021.10.macos64_1.0.200.202301161003/tools/bin/../lib/gcc/arm-none-eabi/10.3.1/thumb/v6-m/nofp/crti.o
                0x0000000008006114                _init
 .init          0x0000000008006118        0x8 /Applications/STM32CubeIDE.app/Contents/Eclipse/plugins/com.st.stm32cube.ide.mcu.externaltools.gnu-tools-for-stm32.10.3-2021.10.macos64_1.0.200.202301161003/tools/bin/../lib/gcc/arm-none-eabi/10.3.1/thumb/v6-m/nofp/crtn.o
 *(.fini)
 .fini          0x0000000008006120        0x4 /Applications/STM32CubeIDE.app/Contents/Eclipse/plugins/com.st.stm32cube.ide.mcu.externaltools.gnu-tools-for-stm32.10.3-2021.10.macos64_1.0.200.202301161003/tools/bin/../lib/gcc/arm-none-eabi/10.3.1/thumb/v6-m/nofp/crti.o
                0x0000000008006120                _fini
 .fini          0x0000000008006124        0x8 /Applications/STM32CubeIDE.app/Contents/Eclipse/plugins/com.st.stm32cube.ide.mcu.externaltools.gnu-tools-for-stm32.10.3-2021.10.macos64_1.0.200.202301161003/tools/bin/../lib/gcc/arm-none-eabi/10.3.1/thumb/v6-m/nofp/crtn.o
                0x000000000800612c                . = ALIGN (0x4)
                0x000000000800612c                _etext = .

.vfp11_veneer   0x000000000800612c        0x0
 .vfp11_veneer  0x000000000800612c        0x0 linker stubs

.v4_bx          0x000000000800612c        0x0
 .v4_bx         0x000000000800612c        0x0 linker stubs

.iplt           0x000000000800612c        0x0
 .iplt          0x000000000800612c        0x0 /Applications/STM32CubeIDE.app/Contents/Eclipse/plugins/com.st.stm32cube.ide.mcu.externaltools.gnu-tools-for-stm32.10.3-2021.10.macos64_1.0.200.202301161003/tools/bin/../lib/gcc/arm-none-eabi/10.3.1/thumb/v6-m/nofp/crtbegin.o

.rodata         0x000000000800612c      0x44c
                0x000000000800612c                . = ALIGN (0x4)
 *(.rodata)
 .rodata        0x000000000800612c       0x66 ./Application/User/Core/main.o
 *(.rodata*)
 *fill*         0x0000000008006192        0x2 
 .rodata.SAMPLE_TIMES
                0x0000000008006194        0x9 ./Application/User/Core/main.o
                0x0000000008006194                SAMPLE_TIMES
 *fill*         0x000000000800619d        0x3 
 .rodata.UART_SAMPLE_TIME_SET
                0x00000000080061a0       0x14 ./Application/User/Core/main.o
                0x00000000080061a0                UART_SAMPLE_TIME_SET
 .rodata.UART_SAMPLE_TIMES
                0x00000000080061b4       0x1b ./Application/User/Core/main.o
                0x00000000080061b4                UART_SAMPLE_TIMES
 *fill*         0x00000000080061cf        0x1 
 .rodata.UART_SECONDS
                0x00000000080061d0        0x5 ./Application/User/Core/main.o
                0x00000000080061d0                UART_SECONDS
 *fill*         0x00000000080061d5        0x3 
 .rodata.UART_MODE_START
                0x00000000080061d8       0x7d ./Application/User/Core/main.o
                0x00000000080061d8                UART_MODE_START
 *fill*         0x0000000008006255        0x3 
 .rodata.UART_START_PACKET
                0x0000000008006258       0x11 ./Application/User/Core/main.o
                0x0000000008006258                UART_START_PACKET
 *fill*         0x0000000008006269        0x3 
 .rodata.UART_END_PACKET
                0x000000000800626c       0x10 ./Application/User/Core/main.o
                0x000000000800626c                UART_END_PACKET
 .rodata.UART_SENSOR_PREFIX
                0x000000000800627c       0x78 ./Application/User/Core/main.o
                0x000000000800627c                UART_SENSOR_PREFIX
 .rodata.UART_NO_DATA
                0x00000000080062f4       0x27 ./Application/User/Core/main.o
                0x00000000080062f4                UART_NO_DATA
 *fill*         0x000000000800631b        0x1 
 .rodata.UART_LOGON
                0x000000000800631c       0x14 ./Application/User/Core/main.o
                0x000000000800631c                UART_LOGON
 .rodata.UART_TRANSMISSION_START
                0x0000000008006330       0x21 ./Application/User/Core/main.o
                0x0000000008006330                UART_TRANSMISSION_START
 *fill*         0x0000000008006351        0x3 
 .rodata.UART_TABLE_HEADER
                0x0000000008006354       0x6d ./Application/User/Core/main.o
                0x0000000008006354                UART_TABLE_HEADER
 *fill*         0x00000000080063c1        0x3 
 .rodata.UART_TABLE_LINE
                0x00000000080063c4       0x36 ./Application/User/Core/main.o
                0x00000000080063c4                UART_TABLE_LINE
 *fill*         0x00000000080063fa        0x2 
 .rodata.UART_TRANSMISSION_END
                0x00000000080063fc       0x1e ./Application/User/Core/main.o
                0x00000000080063fc                UART_TRANSMISSION_END
 *fill*         0x000000000800641a        0x2 
 .rodata.UART_DATA_DELETE
                0x000000000800641c       0x2c ./Application/User/Core/main.o
                0x000000000800641c                UART_DATA_DELETE
 .rodata.UART_DATA_ERASED
                0x0000000008006448       0x1a ./Application/User/Core/main.o
                0x0000000008006448                UART_DATA_ERASED
 *fill*         0x0000000008006462        0x2 
 .rodata.UART_DATA_NOT_ERASED
                0x0000000008006464       0x1e ./Application/User/Core/main.o
                0x0000000008006464                UART_DATA_NOT_ERASED
 *fill*         0x0000000008006482        0x2 
 .rodata.UART_NO_REPLY_DETECTED
                0x0000000008006484       0x34 ./Application/User/Core/main.o
                0x0000000008006484                UART_NO_REPLY_DETECTED
 .rodata.UART_INVALID_REPLY_DETECTED
                0x00000000080064b8       0x39 ./Application/User/Core/main.o
                0x00000000080064b8                UART_INVALID_REPLY_DETECTED
 *fill*         0x00000000080064f1        0x3 
 .rodata.UART_NEWLINE
                0x00000000080064f4        0x3 ./Application/User/Core/main.o
                0x00000000080064f4                UART_NEWLINE
 *fill*         0x00000000080064f7        0x1 
 .rodata.HAL_TIM_PeriodElapsedCallback
                0x00000000080064f8       0x14 ./Application/User/Core/main.o
 .rodata.AHBPrescTable
                0x000000000800650c       0x10 ./Drivers/CMSIS/system_stm32f0xx.o
                0x000000000800650c                AHBPrescTable
 .rodata.APBPrescTable
                0x000000000800651c        0x8 ./Drivers/CMSIS/system_stm32f0xx.o
                0x000000000800651c                APBPrescTable
 .rodata.aPLLMULFactorTable.1
                0x0000000008006524       0x10 ./Drivers/STM32F0xx_HAL_Driver/stm32f0xx_hal_rcc.o
 .rodata.aPredivFactorTable.0
                0x0000000008006534       0x10 ./Drivers/STM32F0xx_HAL_Driver/stm32f0xx_hal_rcc.o
 .rodata._svfprintf_r.str1.1
                0x0000000008006544       0x11 /Applications/STM32CubeIDE.app/Contents/Eclipse/plugins/com.st.stm32cube.ide.mcu.externaltools.gnu-tools-for-stm32.10.3-2021.10.macos64_1.0.200.202301161003/tools/bin/../lib/gcc/arm-none-eabi/10.3.1/../../../../arm-none-eabi/lib/thumb/v6-m/nofp/libc_nano.a(lib_a-nano-svfprintf.o)
 .rodata._printf_i.str1.1
                0x0000000008006555       0x22 /Applications/STM32CubeIDE.app/Contents/Eclipse/plugins/com.st.stm32cube.ide.mcu.externaltools.gnu-tools-for-stm32.10.3-2021.10.macos64_1.0.200.202301161003/tools/bin/../lib/gcc/arm-none-eabi/10.3.1/../../../../arm-none-eabi/lib/thumb/v6-m/nofp/libc_nano.a(lib_a-nano-vfprintf_i.o)
                0x0000000008006578                . = ALIGN (0x4)
 *fill*         0x0000000008006577        0x1 

.rel.dyn        0x0000000008006578        0x0
 .rel.iplt      0x0000000008006578        0x0 /Applications/STM32CubeIDE.app/Contents/Eclipse/plugins/com.st.stm32cube.ide.mcu.externaltools.gnu-tools-for-stm32.10.3-2021.10.macos64_1.0.200.202301161003/tools/bin/../lib/gcc/arm-none-eabi/10.3.1/thumb/v6-m/nofp/crtbegin.o

.ARM.extab      0x0000000008006578        0x0
                0x0000000008006578                . = ALIGN (0x4)
 *(.ARM.extab* .gnu.linkonce.armextab.*)
                0x0000000008006578                . = ALIGN (0x4)

.ARM            0x0000000008006578        0x0
                0x0000000008006578                . = ALIGN (0x4)
                0x0000000008006578                __exidx_start = .
 *(.ARM.exidx*)
                0x0000000008006578                __exidx_end = .
                0x0000000008006578                . = ALIGN (0x4)

.preinit_array  0x0000000008006578        0x0
                0x0000000008006578                . = ALIGN (0x4)
                0x0000000008006578                PROVIDE (__preinit_array_start = .)
 *(.preinit_array*)
                0x0000000008006578                PROVIDE (__preinit_array_end = .)
                0x0000000008006578                . = ALIGN (0x4)

.init_array     0x0000000008006578        0x4
                0x0000000008006578                . = ALIGN (0x4)
                0x0000000008006578                PROVIDE (__init_array_start = .)
 *(SORT_BY_NAME(.init_array.*))
 *(.init_array*)
 .init_array    0x0000000008006578        0x4 /Applications/STM32CubeIDE.app/Contents/Eclipse/plugins/com.st.stm32cube.ide.mcu.externaltools.gnu-tools-for-stm32.10.3-2021.10.macos64_1.0.200.202301161003/tools/bin/../lib/gcc/arm-none-eabi/10.3.1/thumb/v6-m/nofp/crtbegin.o
                0x000000000800657c                PROVIDE (__init_array_end = .)
                0x000000000800657c                . = ALIGN (0x4)

.fini_array     0x000000000800657c        0x4
                0x000000000800657c                . = ALIGN (0x4)
                [!provide]                        PROVIDE (__fini_array_start = .)
 *(SORT_BY_NAME(.fini_array.*))
 *(.fini_array*)
 .fini_array    0x000000000800657c        0x4 /Applications/STM32CubeIDE.app/Contents/Eclipse/plugins/com.st.stm32cube.ide.mcu.externaltools.gnu-tools-for-stm32.10.3-2021.10.macos64_1.0.200.202301161003/tools/bin/../lib/gcc/arm-none-eabi/10.3.1/thumb/v6-m/nofp/crtbegin.o
                [!provide]                        PROVIDE (__fini_array_end = .)
                0x0000000008006580                . = ALIGN (0x4)
                0x0000000008006580                _sidata = LOADADDR (.data)

.data           0x0000000020000000       0x70 load address 0x0000000008006580
                0x0000000020000000                . = ALIGN (0x4)
                0x0000000020000000                _sdata = .
 *(.data)
 *(.data*)
 .data.SystemCoreClock
                0x0000000020000000        0x4 ./Drivers/CMSIS/system_stm32f0xx.o
                0x0000000020000000                SystemCoreClock
 .data.uwTickPrio
                0x0000000020000004        0x4 ./Drivers/STM32F0xx_HAL_Driver/stm32f0xx_hal.o
                0x0000000020000004                uwTickPrio
 .data.uwTickFreq
                0x0000000020000008        0x1 ./Drivers/STM32F0xx_HAL_Driver/stm32f0xx_hal.o
                0x0000000020000008                uwTickFreq
 *fill*         0x0000000020000009        0x3 
 .data._impure_ptr
                0x000000002000000c        0x4 /Applications/STM32CubeIDE.app/Contents/Eclipse/plugins/com.st.stm32cube.ide.mcu.externaltools.gnu-tools-for-stm32.10.3-2021.10.macos64_1.0.200.202301161003/tools/bin/../lib/gcc/arm-none-eabi/10.3.1/../../../../arm-none-eabi/lib/thumb/v6-m/nofp/libc_nano.a(lib_a-impure.o)
                0x000000002000000c                _impure_ptr
 .data.impure_data
                0x0000000020000010       0x60 /Applications/STM32CubeIDE.app/Contents/Eclipse/plugins/com.st.stm32cube.ide.mcu.externaltools.gnu-tools-for-stm32.10.3-2021.10.macos64_1.0.200.202301161003/tools/bin/../lib/gcc/arm-none-eabi/10.3.1/../../../../arm-none-eabi/lib/thumb/v6-m/nofp/libc_nano.a(lib_a-impure.o)
 *(.RamFunc)
 *(.RamFunc*)
                0x0000000020000070                . = ALIGN (0x4)
                0x0000000020000070                _edata = .

.igot.plt       0x0000000020000070        0x0 load address 0x00000000080065f0
 .igot.plt      0x0000000020000070        0x0 /Applications/STM32CubeIDE.app/Contents/Eclipse/plugins/com.st.stm32cube.ide.mcu.externaltools.gnu-tools-for-stm32.10.3-2021.10.macos64_1.0.200.202301161003/tools/bin/../lib/gcc/arm-none-eabi/10.3.1/thumb/v6-m/nofp/crtbegin.o
                0x0000000020000070                . = ALIGN (0x4)

.bss            0x0000000020000070      0x1cc load address 0x00000000080065f0
                0x0000000020000070                _sbss = .
                0x0000000020000070                __bss_start__ = _sbss
 *(.bss)
 .bss           0x0000000020000070       0x1c /Applications/STM32CubeIDE.app/Contents/Eclipse/plugins/com.st.stm32cube.ide.mcu.externaltools.gnu-tools-for-stm32.10.3-2021.10.macos64_1.0.200.202301161003/tools/bin/../lib/gcc/arm-none-eabi/10.3.1/thumb/v6-m/nofp/crtbegin.o
 *(.bss*)
 .bss.hadc      0x000000002000008c       0x40 ./Application/User/Core/main.o
                0x000000002000008c                hadc
 .bss.hi2c1     0x00000000200000cc       0x54 ./Application/User/Core/main.o
                0x00000000200000cc                hi2c1
 .bss.hrtc      0x0000000020000120       0x20 ./Application/User/Core/main.o
                0x0000000020000120                hrtc
 .bss.htim6     0x0000000020000140       0x48 ./Application/User/Core/main.o
                0x0000000020000140                htim6
 .bss.huart1    0x0000000020000188       0x88 ./Application/User/Core/main.o
                0x0000000020000188                huart1
 .bss.data      0x0000000020000210        0xc ./Application/User/Core/main.o
                0x0000000020000210                data
 .bss.eeprom_page_addr
                0x000000002000021c        0x2 ./Application/User/Core/main.o
                0x000000002000021c                eeprom_page_addr
 .bss.plg_dtcted
                0x000000002000021e        0x1 ./Application/User/Core/main.o
                0x000000002000021e                plg_dtcted
 .bss.mode      0x000000002000021f        0x1 ./Application/User/Core/main.o
                0x000000002000021f                mode
 .bss.second_elapsed
                0x0000000020000220        0x1 ./Application/User/Core/main.o
                0x0000000020000220                second_elapsed
 .bss.sample_time
                0x0000000020000221        0x1 ./Application/User/Core/main.o
                0x0000000020000221                sample_time
 *fill*         0x0000000020000222        0x2 
 .bss.__sbrk_heap_end
                0x0000000020000224        0x4 ./Application/User/Core/sysmem.o
 .bss.uwTick    0x0000000020000228        0x4 ./Drivers/STM32F0xx_HAL_Driver/stm32f0xx_hal.o
                0x0000000020000228                uwTick
 .bss.__malloc_free_list
                0x000000002000022c        0x4 /Applications/STM32CubeIDE.app/Contents/Eclipse/plugins/com.st.stm32cube.ide.mcu.externaltools.gnu-tools-for-stm32.10.3-2021.10.macos64_1.0.200.202301161003/tools/bin/../lib/gcc/arm-none-eabi/10.3.1/../../../../arm-none-eabi/lib/thumb/v6-m/nofp/libc_nano.a(lib_a-nano-mallocr.o)
                0x000000002000022c                __malloc_free_list
 .bss.__malloc_sbrk_start
                0x0000000020000230        0x4 /Applications/STM32CubeIDE.app/Contents/Eclipse/plugins/com.st.stm32cube.ide.mcu.externaltools.gnu-tools-for-stm32.10.3-2021.10.macos64_1.0.200.202301161003/tools/bin/../lib/gcc/arm-none-eabi/10.3.1/../../../../arm-none-eabi/lib/thumb/v6-m/nofp/libc_nano.a(lib_a-nano-mallocr.o)
                0x0000000020000230                __malloc_sbrk_start
 .bss.errno     0x0000000020000234        0x4 /Applications/STM32CubeIDE.app/Contents/Eclipse/plugins/com.st.stm32cube.ide.mcu.externaltools.gnu-tools-for-stm32.10.3-2021.10.macos64_1.0.200.202301161003/tools/bin/../lib/gcc/arm-none-eabi/10.3.1/../../../../arm-none-eabi/lib/thumb/v6-m/nofp/libc_nano.a(lib_a-reent.o)
                0x0000000020000234                errno
 .bss.__lock___malloc_recursive_mutex
                0x0000000020000238        0x1 /Applications/STM32CubeIDE.app/Contents/Eclipse/plugins/com.st.stm32cube.ide.mcu.externaltools.gnu-tools-for-stm32.10.3-2021.10.macos64_1.0.200.202301161003/tools/bin/../lib/gcc/arm-none-eabi/10.3.1/../../../../arm-none-eabi/lib/thumb/v6-m/nofp/libc_nano.a(lib_a-lock.o)
                0x0000000020000238                __lock___malloc_recursive_mutex
 *(COMMON)
                0x000000002000023c                . = ALIGN (0x4)
 *fill*         0x0000000020000239        0x3 
                0x000000002000023c                _ebss = .
                0x000000002000023c                __bss_end__ = _ebss

._user_heap_stack
                0x000000002000023c      0x604 load address 0x00000000080065f0
                0x0000000020000240                . = ALIGN (0x8)
 *fill*         0x000000002000023c        0x4 
                [!provide]                        PROVIDE (end = .)
                0x0000000020000240                PROVIDE (_end = .)
                0x0000000020000440                . = (. + _Min_Heap_Size)
 *fill*         0x0000000020000240      0x200 
                0x0000000020000840                . = (. + _Min_Stack_Size)
 *fill*         0x0000000020000440      0x400 
                0x0000000020000840                . = ALIGN (0x8)

/DISCARD/
 libc.a(*)
 libm.a(*)
 libgcc.a(*)

.ARM.attributes
                0x0000000000000000       0x28
 *(.ARM.attributes)
 .ARM.attributes
                0x0000000000000000       0x1e /Applications/STM32CubeIDE.app/Contents/Eclipse/plugins/com.st.stm32cube.ide.mcu.externaltools.gnu-tools-for-stm32.10.3-2021.10.macos64_1.0.200.202301161003/tools/bin/../lib/gcc/arm-none-eabi/10.3.1/thumb/v6-m/nofp/crti.o
 .ARM.attributes
                0x000000000000001e       0x2c /Applications/STM32CubeIDE.app/Contents/Eclipse/plugins/com.st.stm32cube.ide.mcu.externaltools.gnu-tools-for-stm32.10.3-2021.10.macos64_1.0.200.202301161003/tools/bin/../lib/gcc/arm-none-eabi/10.3.1/thumb/v6-m/nofp/crtbegin.o
 .ARM.attributes
                0x000000000000004a       0x2c ./Application/User/Core/main.o
 .ARM.attributes
                0x0000000000000076       0x2c ./Application/User/Core/stm32f0xx_hal_msp.o
 .ARM.attributes
                0x00000000000000a2       0x2c ./Application/User/Core/stm32f0xx_it.o
 .ARM.attributes
                0x00000000000000ce       0x2c ./Application/User/Core/sysmem.o
 .ARM.attributes
                0x00000000000000fa       0x21 ./Application/User/Startup/startup_stm32f051c6tx.o
 .ARM.attributes
                0x000000000000011b       0x2c ./Drivers/CMSIS/system_stm32f0xx.o
 .ARM.attributes
                0x0000000000000147       0x2c ./Drivers/STM32F0xx_HAL_Driver/stm32f0xx_hal.o
 .ARM.attributes
                0x0000000000000173       0x2c ./Drivers/STM32F0xx_HAL_Driver/stm32f0xx_hal_adc.o
 .ARM.attributes
                0x000000000000019f       0x2c ./Drivers/STM32F0xx_HAL_Driver/stm32f0xx_hal_cortex.o
 .ARM.attributes
                0x00000000000001cb       0x2c ./Drivers/STM32F0xx_HAL_Driver/stm32f0xx_hal_gpio.o
 .ARM.attributes
                0x00000000000001f7       0x2c ./Drivers/STM32F0xx_HAL_Driver/stm32f0xx_hal_i2c.o
 .ARM.attributes
                0x0000000000000223       0x2c ./Drivers/STM32F0xx_HAL_Driver/stm32f0xx_hal_i2c_ex.o
 .ARM.attributes
                0x000000000000024f       0x2c ./Drivers/STM32F0xx_HAL_Driver/stm32f0xx_hal_rcc.o
 .ARM.attributes
                0x000000000000027b       0x2c ./Drivers/STM32F0xx_HAL_Driver/stm32f0xx_hal_rcc_ex.o
 .ARM.attributes
                0x00000000000002a7       0x2c ./Drivers/STM32F0xx_HAL_Driver/stm32f0xx_hal_rtc.o
 .ARM.attributes
                0x00000000000002d3       0x2c ./Drivers/STM32F0xx_HAL_Driver/stm32f0xx_hal_tim.o
 .ARM.attributes
                0x00000000000002ff       0x2c ./Drivers/STM32F0xx_HAL_Driver/stm32f0xx_hal_tim_ex.o
 .ARM.attributes
                0x000000000000032b       0x2c ./Drivers/STM32F0xx_HAL_Driver/stm32f0xx_hal_uart.o
 .ARM.attributes
                0x0000000000000357       0x2c /Applications/STM32CubeIDE.app/Contents/Eclipse/plugins/com.st.stm32cube.ide.mcu.externaltools.gnu-tools-for-stm32.10.3-2021.10.macos64_1.0.200.202301161003/tools/bin/../lib/gcc/arm-none-eabi/10.3.1/../../../../arm-none-eabi/lib/thumb/v6-m/nofp/libc_nano.a(lib_a-errno.o)
 .ARM.attributes
                0x0000000000000383       0x2c /Applications/STM32CubeIDE.app/Contents/Eclipse/plugins/com.st.stm32cube.ide.mcu.externaltools.gnu-tools-for-stm32.10.3-2021.10.macos64_1.0.200.202301161003/tools/bin/../lib/gcc/arm-none-eabi/10.3.1/../../../../arm-none-eabi/lib/thumb/v6-m/nofp/libc_nano.a(lib_a-impure.o)
 .ARM.attributes
                0x00000000000003af       0x2c /Applications/STM32CubeIDE.app/Contents/Eclipse/plugins/com.st.stm32cube.ide.mcu.externaltools.gnu-tools-for-stm32.10.3-2021.10.macos64_1.0.200.202301161003/tools/bin/../lib/gcc/arm-none-eabi/10.3.1/../../../../arm-none-eabi/lib/thumb/v6-m/nofp/libc_nano.a(lib_a-init.o)
 .ARM.attributes
                0x00000000000003db       0x2c /Applications/STM32CubeIDE.app/Contents/Eclipse/plugins/com.st.stm32cube.ide.mcu.externaltools.gnu-tools-for-stm32.10.3-2021.10.macos64_1.0.200.202301161003/tools/bin/../lib/gcc/arm-none-eabi/10.3.1/../../../../arm-none-eabi/lib/thumb/v6-m/nofp/libc_nano.a(lib_a-memset.o)
 .ARM.attributes
                0x0000000000000407       0x2c /Applications/STM32CubeIDE.app/Contents/Eclipse/plugins/com.st.stm32cube.ide.mcu.externaltools.gnu-tools-for-stm32.10.3-2021.10.macos64_1.0.200.202301161003/tools/bin/../lib/gcc/arm-none-eabi/10.3.1/../../../../arm-none-eabi/lib/thumb/v6-m/nofp/libc_nano.a(lib_a-sprintf.o)
 .ARM.attributes
                0x0000000000000433       0x2c /Applications/STM32CubeIDE.app/Contents/Eclipse/plugins/com.st.stm32cube.ide.mcu.externaltools.gnu-tools-for-stm32.10.3-2021.10.macos64_1.0.200.202301161003/tools/bin/../lib/gcc/arm-none-eabi/10.3.1/../../../../arm-none-eabi/lib/thumb/v6-m/nofp/libc_nano.a(lib_a-nano-svfprintf.o)
 .ARM.attributes
                0x000000000000045f       0x2c /Applications/STM32CubeIDE.app/Contents/Eclipse/plugins/com.st.stm32cube.ide.mcu.externaltools.gnu-tools-for-stm32.10.3-2021.10.macos64_1.0.200.202301161003/tools/bin/../lib/gcc/arm-none-eabi/10.3.1/../../../../arm-none-eabi/lib/thumb/v6-m/nofp/libc_nano.a(lib_a-nano-vfprintf_i.o)
 .ARM.attributes
                0x000000000000048b       0x2c /Applications/STM32CubeIDE.app/Contents/Eclipse/plugins/com.st.stm32cube.ide.mcu.externaltools.gnu-tools-for-stm32.10.3-2021.10.macos64_1.0.200.202301161003/tools/bin/../lib/gcc/arm-none-eabi/10.3.1/../../../../arm-none-eabi/lib/thumb/v6-m/nofp/libc_nano.a(lib_a-memchr-stub.o)
 .ARM.attributes
                0x00000000000004b7       0x2c /Applications/STM32CubeIDE.app/Contents/Eclipse/plugins/com.st.stm32cube.ide.mcu.externaltools.gnu-tools-for-stm32.10.3-2021.10.macos64_1.0.200.202301161003/tools/bin/../lib/gcc/arm-none-eabi/10.3.1/../../../../arm-none-eabi/lib/thumb/v6-m/nofp/libc_nano.a(lib_a-memcpy-stub.o)
 .ARM.attributes
                0x00000000000004e3       0x2c /Applications/STM32CubeIDE.app/Contents/Eclipse/plugins/com.st.stm32cube.ide.mcu.externaltools.gnu-tools-for-stm32.10.3-2021.10.macos64_1.0.200.202301161003/tools/bin/../lib/gcc/arm-none-eabi/10.3.1/../../../../arm-none-eabi/lib/thumb/v6-m/nofp/libc_nano.a(lib_a-memmove.o)
 .ARM.attributes
                0x000000000000050f       0x2c /Applications/STM32CubeIDE.app/Contents/Eclipse/plugins/com.st.stm32cube.ide.mcu.externaltools.gnu-tools-for-stm32.10.3-2021.10.macos64_1.0.200.202301161003/tools/bin/../lib/gcc/arm-none-eabi/10.3.1/../../../../arm-none-eabi/lib/thumb/v6-m/nofp/libc_nano.a(lib_a-nano-freer.o)
 .ARM.attributes
                0x000000000000053b       0x2c /Applications/STM32CubeIDE.app/Contents/Eclipse/plugins/com.st.stm32cube.ide.mcu.externaltools.gnu-tools-for-stm32.10.3-2021.10.macos64_1.0.200.202301161003/tools/bin/../lib/gcc/arm-none-eabi/10.3.1/../../../../arm-none-eabi/lib/thumb/v6-m/nofp/libc_nano.a(lib_a-nano-mallocr.o)
 .ARM.attributes
                0x0000000000000567       0x2c /Applications/STM32CubeIDE.app/Contents/Eclipse/plugins/com.st.stm32cube.ide.mcu.externaltools.gnu-tools-for-stm32.10.3-2021.10.macos64_1.0.200.202301161003/tools/bin/../lib/gcc/arm-none-eabi/10.3.1/../../../../arm-none-eabi/lib/thumb/v6-m/nofp/libc_nano.a(lib_a-nano-reallocr.o)
 .ARM.attributes
                0x0000000000000593       0x2c /Applications/STM32CubeIDE.app/Contents/Eclipse/plugins/com.st.stm32cube.ide.mcu.externaltools.gnu-tools-for-stm32.10.3-2021.10.macos64_1.0.200.202301161003/tools/bin/../lib/gcc/arm-none-eabi/10.3.1/../../../../arm-none-eabi/lib/thumb/v6-m/nofp/libc_nano.a(lib_a-sbrkr.o)
 .ARM.attributes
                0x00000000000005bf       0x2c /Applications/STM32CubeIDE.app/Contents/Eclipse/plugins/com.st.stm32cube.ide.mcu.externaltools.gnu-tools-for-stm32.10.3-2021.10.macos64_1.0.200.202301161003/tools/bin/../lib/gcc/arm-none-eabi/10.3.1/../../../../arm-none-eabi/lib/thumb/v6-m/nofp/libc_nano.a(lib_a-mlock.o)
 .ARM.attributes
                0x00000000000005eb       0x2c /Applications/STM32CubeIDE.app/Contents/Eclipse/plugins/com.st.stm32cube.ide.mcu.externaltools.gnu-tools-for-stm32.10.3-2021.10.macos64_1.0.200.202301161003/tools/bin/../lib/gcc/arm-none-eabi/10.3.1/../../../../arm-none-eabi/lib/thumb/v6-m/nofp/libc_nano.a(lib_a-nano-msizer.o)
 .ARM.attributes
                0x0000000000000617       0x2c /Applications/STM32CubeIDE.app/Contents/Eclipse/plugins/com.st.stm32cube.ide.mcu.externaltools.gnu-tools-for-stm32.10.3-2021.10.macos64_1.0.200.202301161003/tools/bin/../lib/gcc/arm-none-eabi/10.3.1/../../../../arm-none-eabi/lib/thumb/v6-m/nofp/libc_nano.a(lib_a-reent.o)
 .ARM.attributes
                0x0000000000000643       0x2c /Applications/STM32CubeIDE.app/Contents/Eclipse/plugins/com.st.stm32cube.ide.mcu.externaltools.gnu-tools-for-stm32.10.3-2021.10.macos64_1.0.200.202301161003/tools/bin/../lib/gcc/arm-none-eabi/10.3.1/../../../../arm-none-eabi/lib/thumb/v6-m/nofp/libc_nano.a(lib_a-lock.o)
 .ARM.attributes
                0x000000000000066f       0x1e /Applications/STM32CubeIDE.app/Contents/Eclipse/plugins/com.st.stm32cube.ide.mcu.externaltools.gnu-tools-for-stm32.10.3-2021.10.macos64_1.0.200.202301161003/tools/bin/../lib/gcc/arm-none-eabi/10.3.1/thumb/v6-m/nofp/libgcc.a(_thumb1_case_shi.o)
 .ARM.attributes
                0x000000000000068d       0x1e /Applications/STM32CubeIDE.app/Contents/Eclipse/plugins/com.st.stm32cube.ide.mcu.externaltools.gnu-tools-for-stm32.10.3-2021.10.macos64_1.0.200.202301161003/tools/bin/../lib/gcc/arm-none-eabi/10.3.1/thumb/v6-m/nofp/libgcc.a(_udivsi3.o)
 .ARM.attributes
                0x00000000000006ab       0x1e /Applications/STM32CubeIDE.app/Contents/Eclipse/plugins/com.st.stm32cube.ide.mcu.externaltools.gnu-tools-for-stm32.10.3-2021.10.macos64_1.0.200.202301161003/tools/bin/../lib/gcc/arm-none-eabi/10.3.1/thumb/v6-m/nofp/libgcc.a(_dvmd_tls.o)
 .ARM.attributes
                0x00000000000006c9       0x1e /Applications/STM32CubeIDE.app/Contents/Eclipse/plugins/com.st.stm32cube.ide.mcu.externaltools.gnu-tools-for-stm32.10.3-2021.10.macos64_1.0.200.202301161003/tools/bin/../lib/gcc/arm-none-eabi/10.3.1/thumb/v6-m/nofp/crtn.o
OUTPUT(Code.elf elf32-littlearm)
LOAD linker stubs
LOAD /Applications/STM32CubeIDE.app/Contents/Eclipse/plugins/com.st.stm32cube.ide.mcu.externaltools.gnu-tools-for-stm32.10.3-2021.10.macos64_1.0.200.202301161003/tools/bin/../lib/gcc/arm-none-eabi/10.3.1/../../../../arm-none-eabi/lib/thumb/v6-m/nofp/libc.a
LOAD /Applications/STM32CubeIDE.app/Contents/Eclipse/plugins/com.st.stm32cube.ide.mcu.externaltools.gnu-tools-for-stm32.10.3-2021.10.macos64_1.0.200.202301161003/tools/bin/../lib/gcc/arm-none-eabi/10.3.1/../../../../arm-none-eabi/lib/thumb/v6-m/nofp/libm.a
LOAD /Applications/STM32CubeIDE.app/Contents/Eclipse/plugins/com.st.stm32cube.ide.mcu.externaltools.gnu-tools-for-stm32.10.3-2021.10.macos64_1.0.200.202301161003/tools/bin/../lib/gcc/arm-none-eabi/10.3.1/thumb/v6-m/nofp/libgcc.a

.debug_info     0x0000000000000000    0x127de
 .debug_info    0x0000000000000000     0x22cb ./Application/User/Core/main.o
 .debug_info    0x00000000000022cb     0x1772 ./Application/User/Core/stm32f0xx_hal_msp.o
 .debug_info    0x0000000000003a3d      0x69d ./Application/User/Core/stm32f0xx_it.o
 .debug_info    0x00000000000040da      0x171 ./Application/User/Core/sysmem.o
 .debug_info    0x000000000000424b       0x22 ./Application/User/Startup/startup_stm32f051c6tx.o
 .debug_info    0x000000000000426d      0x269 ./Drivers/CMSIS/system_stm32f0xx.o
 .debug_info    0x00000000000044d6      0x6de ./Drivers/STM32F0xx_HAL_Driver/stm32f0xx_hal.o
 .debug_info    0x0000000000004bb4      0xd13 ./Drivers/STM32F0xx_HAL_Driver/stm32f0xx_hal_adc.o
 .debug_info    0x00000000000058c7      0x711 ./Drivers/STM32F0xx_HAL_Driver/stm32f0xx_hal_cortex.o
 .debug_info    0x0000000000005fd8      0x620 ./Drivers/STM32F0xx_HAL_Driver/stm32f0xx_hal_gpio.o
 .debug_info    0x00000000000065f8     0x2266 ./Drivers/STM32F0xx_HAL_Driver/stm32f0xx_hal_i2c.o
 .debug_info    0x000000000000885e      0x8b4 ./Drivers/STM32F0xx_HAL_Driver/stm32f0xx_hal_i2c_ex.o
 .debug_info    0x0000000000009112      0x8a3 ./Drivers/STM32F0xx_HAL_Driver/stm32f0xx_hal_rcc.o
 .debug_info    0x00000000000099b5      0x389 ./Drivers/STM32F0xx_HAL_Driver/stm32f0xx_hal_rcc_ex.o
 .debug_info    0x0000000000009d3e      0xc0c ./Drivers/STM32F0xx_HAL_Driver/stm32f0xx_hal_rtc.o
 .debug_info    0x000000000000a94a     0x2ba1 ./Drivers/STM32F0xx_HAL_Driver/stm32f0xx_hal_tim.o
 .debug_info    0x000000000000d4eb     0x15bd ./Drivers/STM32F0xx_HAL_Driver/stm32f0xx_hal_tim_ex.o
 .debug_info    0x000000000000eaa8     0x3d36 ./Drivers/STM32F0xx_HAL_Driver/stm32f0xx_hal_uart.o

.debug_abbrev   0x0000000000000000     0x2291
 .debug_abbrev  0x0000000000000000      0x2ce ./Application/User/Core/main.o
 .debug_abbrev  0x00000000000002ce      0x231 ./Application/User/Core/stm32f0xx_hal_msp.o
 .debug_abbrev  0x00000000000004ff      0x195 ./Application/User/Core/stm32f0xx_it.o
 .debug_abbrev  0x0000000000000694       0xbb ./Application/User/Core/sysmem.o
 .debug_abbrev  0x000000000000074f       0x12 ./Application/User/Startup/startup_stm32f051c6tx.o
 .debug_abbrev  0x0000000000000761      0x116 ./Drivers/CMSIS/system_stm32f0xx.o
 .debug_abbrev  0x0000000000000877      0x23f ./Drivers/STM32F0xx_HAL_Driver/stm32f0xx_hal.o
 .debug_abbrev  0x0000000000000ab6      0x203 ./Drivers/STM32F0xx_HAL_Driver/stm32f0xx_hal_adc.o
 .debug_abbrev  0x0000000000000cb9      0x283 ./Drivers/STM32F0xx_HAL_Driver/stm32f0xx_hal_cortex.o
 .debug_abbrev  0x0000000000000f3c      0x1bb ./Drivers/STM32F0xx_HAL_Driver/stm32f0xx_hal_gpio.o
 .debug_abbrev  0x00000000000010f7      0x25b ./Drivers/STM32F0xx_HAL_Driver/stm32f0xx_hal_i2c.o
 .debug_abbrev  0x0000000000001352      0x1c1 ./Drivers/STM32F0xx_HAL_Driver/stm32f0xx_hal_i2c_ex.o
 .debug_abbrev  0x0000000000001513      0x283 ./Drivers/STM32F0xx_HAL_Driver/stm32f0xx_hal_rcc.o
 .debug_abbrev  0x0000000000001796      0x169 ./Drivers/STM32F0xx_HAL_Driver/stm32f0xx_hal_rcc_ex.o
 .debug_abbrev  0x00000000000018ff      0x1d5 ./Drivers/STM32F0xx_HAL_Driver/stm32f0xx_hal_rtc.o
 .debug_abbrev  0x0000000000001ad4      0x275 ./Drivers/STM32F0xx_HAL_Driver/stm32f0xx_hal_tim.o
 .debug_abbrev  0x0000000000001d49      0x27d ./Drivers/STM32F0xx_HAL_Driver/stm32f0xx_hal_tim_ex.o
 .debug_abbrev  0x0000000000001fc6      0x2cb ./Drivers/STM32F0xx_HAL_Driver/stm32f0xx_hal_uart.o

.debug_aranges  0x0000000000000000     0x1088
 .debug_aranges
                0x0000000000000000       0xa0 ./Application/User/Core/main.o
 .debug_aranges
                0x00000000000000a0       0x70 ./Application/User/Core/stm32f0xx_hal_msp.o
 .debug_aranges
                0x0000000000000110       0x48 ./Application/User/Core/stm32f0xx_it.o
 .debug_aranges
                0x0000000000000158       0x20 ./Application/User/Core/sysmem.o
 .debug_aranges
                0x0000000000000178       0x28 ./Application/User/Startup/startup_stm32f051c6tx.o
 .debug_aranges
                0x00000000000001a0       0x28 ./Drivers/CMSIS/system_stm32f0xx.o
 .debug_aranges
                0x00000000000001c8       0xd0 ./Drivers/STM32F0xx_HAL_Driver/stm32f0xx_hal.o
 .debug_aranges
                0x0000000000000298       0xf8 ./Drivers/STM32F0xx_HAL_Driver/stm32f0xx_hal_adc.o
 .debug_aranges
                0x0000000000000390       0xc0 ./Drivers/STM32F0xx_HAL_Driver/stm32f0xx_hal_cortex.o
 .debug_aranges
                0x0000000000000450       0x58 ./Drivers/STM32F0xx_HAL_Driver/stm32f0xx_hal_gpio.o
 .debug_aranges
                0x00000000000004a8      0x2a0 ./Drivers/STM32F0xx_HAL_Driver/stm32f0xx_hal_i2c.o
 .debug_aranges
                0x0000000000000748       0x48 ./Drivers/STM32F0xx_HAL_Driver/stm32f0xx_hal_i2c_ex.o
 .debug_aranges
                0x0000000000000790       0x80 ./Drivers/STM32F0xx_HAL_Driver/stm32f0xx_hal_rcc.o
 .debug_aranges
                0x0000000000000810       0x30 ./Drivers/STM32F0xx_HAL_Driver/stm32f0xx_hal_rcc_ex.o
 .debug_aranges
                0x0000000000000840       0xe8 ./Drivers/STM32F0xx_HAL_Driver/stm32f0xx_hal_rtc.o
 .debug_aranges
                0x0000000000000928      0x3d0 ./Drivers/STM32F0xx_HAL_Driver/stm32f0xx_hal_tim.o
 .debug_aranges
                0x0000000000000cf8      0x168 ./Drivers/STM32F0xx_HAL_Driver/stm32f0xx_hal_tim_ex.o
 .debug_aranges
                0x0000000000000e60      0x228 ./Drivers/STM32F0xx_HAL_Driver/stm32f0xx_hal_uart.o

.debug_ranges   0x0000000000000000      0xfa0
 .debug_ranges  0x0000000000000000       0x90 ./Application/User/Core/main.o
 .debug_ranges  0x0000000000000090       0x60 ./Application/User/Core/stm32f0xx_hal_msp.o
 .debug_ranges  0x00000000000000f0       0x38 ./Application/User/Core/stm32f0xx_it.o
 .debug_ranges  0x0000000000000128       0x10 ./Application/User/Core/sysmem.o
 .debug_ranges  0x0000000000000138       0x20 ./Application/User/Startup/startup_stm32f051c6tx.o
 .debug_ranges  0x0000000000000158       0x18 ./Drivers/CMSIS/system_stm32f0xx.o
 .debug_ranges  0x0000000000000170       0xc0 ./Drivers/STM32F0xx_HAL_Driver/stm32f0xx_hal.o
 .debug_ranges  0x0000000000000230       0xe8 ./Drivers/STM32F0xx_HAL_Driver/stm32f0xx_hal_adc.o
 .debug_ranges  0x0000000000000318       0xb0 ./Drivers/STM32F0xx_HAL_Driver/stm32f0xx_hal_cortex.o
 .debug_ranges  0x00000000000003c8       0x48 ./Drivers/STM32F0xx_HAL_Driver/stm32f0xx_hal_gpio.o
 .debug_ranges  0x0000000000000410      0x290 ./Drivers/STM32F0xx_HAL_Driver/stm32f0xx_hal_i2c.o
 .debug_ranges  0x00000000000006a0       0x38 ./Drivers/STM32F0xx_HAL_Driver/stm32f0xx_hal_i2c_ex.o
 .debug_ranges  0x00000000000006d8       0x70 ./Drivers/STM32F0xx_HAL_Driver/stm32f0xx_hal_rcc.o
 .debug_ranges  0x0000000000000748       0x20 ./Drivers/STM32F0xx_HAL_Driver/stm32f0xx_hal_rcc_ex.o
 .debug_ranges  0x0000000000000768       0xd8 ./Drivers/STM32F0xx_HAL_Driver/stm32f0xx_hal_rtc.o
 .debug_ranges  0x0000000000000840      0x3c0 ./Drivers/STM32F0xx_HAL_Driver/stm32f0xx_hal_tim.o
 .debug_ranges  0x0000000000000c00      0x158 ./Drivers/STM32F0xx_HAL_Driver/stm32f0xx_hal_tim_ex.o
 .debug_ranges  0x0000000000000d58      0x248 ./Drivers/STM32F0xx_HAL_Driver/stm32f0xx_hal_uart.o

.debug_macro    0x0000000000000000    0x131aa
 .debug_macro   0x0000000000000000      0x350 ./Application/User/Core/main.o
 .debug_macro   0x0000000000000350      0xa4e ./Application/User/Core/main.o
 .debug_macro   0x0000000000000d9e      0x13f ./Application/User/Core/main.o
 .debug_macro   0x0000000000000edd       0x2e ./Application/User/Core/main.o
 .debug_macro   0x0000000000000f0b       0x22 ./Application/User/Core/main.o
 .debug_macro   0x0000000000000f2d       0x22 ./Application/User/Core/main.o
 .debug_macro   0x0000000000000f4f       0x8e ./Application/User/Core/main.o
 .debug_macro   0x0000000000000fdd       0x51 ./Application/User/Core/main.o
 .debug_macro   0x000000000000102e      0x103 ./Application/User/Core/main.o
 .debug_macro   0x0000000000001131       0x6a ./Application/User/Core/main.o
 .debug_macro   0x000000000000119b      0x1df ./Application/User/Core/main.o
 .debug_macro   0x000000000000137a       0x1c ./Application/User/Core/main.o
 .debug_macro   0x0000000000001396       0x22 ./Application/User/Core/main.o
 .debug_macro   0x00000000000013b8       0xaf ./Application/User/Core/main.o
 .debug_macro   0x0000000000001467      0x391 ./Application/User/Core/main.o
 .debug_macro   0x00000000000017f8     0x8d00 ./Application/User/Core/main.o
 .debug_macro   0x000000000000a4f8       0x66 ./Application/User/Core/main.o
 .debug_macro   0x000000000000a55e     0x34be ./Application/User/Core/main.o
 .debug_macro   0x000000000000da1c      0x174 ./Application/User/Core/main.o
 .debug_macro   0x000000000000db90       0x55 ./Application/User/Core/main.o
 .debug_macro   0x000000000000dbe5      0x924 ./Application/User/Core/main.o
 .debug_macro   0x000000000000e509      0x251 ./Application/User/Core/main.o
 .debug_macro   0x000000000000e75a      0x1ae ./Application/User/Core/main.o
 .debug_macro   0x000000000000e908      0x114 ./Application/User/Core/main.o
 .debug_macro   0x000000000000ea1c      0x1a0 ./Application/User/Core/main.o
 .debug_macro   0x000000000000ebbc      0x1ed ./Application/User/Core/main.o
 .debug_macro   0x000000000000eda9       0x34 ./Application/User/Core/main.o
 .debug_macro   0x000000000000eddd       0x43 ./Application/User/Core/main.o
 .debug_macro   0x000000000000ee20       0x28 ./Application/User/Core/main.o
 .debug_macro   0x000000000000ee48      0x33d ./Application/User/Core/main.o
 .debug_macro   0x000000000000f185       0xd4 ./Application/User/Core/main.o
 .debug_macro   0x000000000000f259       0xb0 ./Application/User/Core/main.o
 .debug_macro   0x000000000000f309      0x199 ./Application/User/Core/main.o
 .debug_macro   0x000000000000f4a2      0x22c ./Application/User/Core/main.o
 .debug_macro   0x000000000000f6ce       0x61 ./Application/User/Core/main.o
 .debug_macro   0x000000000000f72f       0xa5 ./Application/User/Core/main.o
 .debug_macro   0x000000000000f7d4       0x4c ./Application/User/Core/main.o
 .debug_macro   0x000000000000f820      0x112 ./Application/User/Core/main.o
 .debug_macro   0x000000000000f932      0x2bf ./Application/User/Core/main.o
 .debug_macro   0x000000000000fbf1      0x301 ./Application/User/Core/main.o
 .debug_macro   0x000000000000fef2       0xeb ./Application/User/Core/main.o
 .debug_macro   0x000000000000ffdd      0x8f4 ./Application/User/Core/main.o
 .debug_macro   0x00000000000108d1       0x28 ./Application/User/Core/main.o
 .debug_macro   0x00000000000108f9      0x5ba ./Application/User/Core/main.o
 .debug_macro   0x0000000000010eb3       0x3e ./Application/User/Core/main.o
 .debug_macro   0x0000000000010ef1      0x114 ./Application/User/Core/main.o
 .debug_macro   0x0000000000011005      0x1f9 ./Application/User/Core/stm32f0xx_hal_msp.o
 .debug_macro   0x00000000000111fe      0x203 ./Application/User/Core/stm32f0xx_it.o
 .debug_macro   0x0000000000011401       0xff ./Application/User/Core/sysmem.o
 .debug_macro   0x0000000000011500      0x23b ./Application/User/Core/sysmem.o
 .debug_macro   0x000000000001173b      0x1ef ./Drivers/CMSIS/system_stm32f0xx.o
 .debug_macro   0x000000000001192a      0x213 ./Drivers/STM32F0xx_HAL_Driver/stm32f0xx_hal.o
 .debug_macro   0x0000000000011b3d      0x213 ./Drivers/STM32F0xx_HAL_Driver/stm32f0xx_hal_adc.o
 .debug_macro   0x0000000000011d50      0x1ef ./Drivers/STM32F0xx_HAL_Driver/stm32f0xx_hal_cortex.o
 .debug_macro   0x0000000000011f3f      0x1f6 ./Drivers/STM32F0xx_HAL_Driver/stm32f0xx_hal_gpio.o
 .debug_macro   0x0000000000012135      0x2bb ./Drivers/STM32F0xx_HAL_Driver/stm32f0xx_hal_i2c.o
 .debug_macro   0x00000000000123f0      0x1ef ./Drivers/STM32F0xx_HAL_Driver/stm32f0xx_hal_i2c_ex.o
 .debug_macro   0x00000000000125df      0x201 ./Drivers/STM32F0xx_HAL_Driver/stm32f0xx_hal_rcc.o
 .debug_macro   0x00000000000127e0      0x1ef ./Drivers/STM32F0xx_HAL_Driver/stm32f0xx_hal_rcc_ex.o
 .debug_macro   0x00000000000129cf      0x1f0 ./Drivers/STM32F0xx_HAL_Driver/stm32f0xx_hal_rtc.o
 .debug_macro   0x0000000000012bbf      0x1f0 ./Drivers/STM32F0xx_HAL_Driver/stm32f0xx_hal_tim.o
 .debug_macro   0x0000000000012daf      0x1ef ./Drivers/STM32F0xx_HAL_Driver/stm32f0xx_hal_tim_ex.o
 .debug_macro   0x0000000000012f9e      0x20c ./Drivers/STM32F0xx_HAL_Driver/stm32f0xx_hal_uart.o

.debug_line     0x0000000000000000    0x1499f
 .debug_line    0x0000000000000000     0x101b ./Application/User/Core/main.o
 .debug_line    0x000000000000101b      0x8ef ./Application/User/Core/stm32f0xx_hal_msp.o
 .debug_line    0x000000000000190a      0x817 ./Application/User/Core/stm32f0xx_it.o
 .debug_line    0x0000000000002121      0x538 ./Application/User/Core/sysmem.o
 .debug_line    0x0000000000002659       0x95 ./Application/User/Startup/startup_stm32f051c6tx.o
 .debug_line    0x00000000000026ee      0x80a ./Drivers/CMSIS/system_stm32f0xx.o
 .debug_line    0x0000000000002ef8      0xa15 ./Drivers/STM32F0xx_HAL_Driver/stm32f0xx_hal.o
 .debug_line    0x000000000000390d     0x1267 ./Drivers/STM32F0xx_HAL_Driver/stm32f0xx_hal_adc.o
 .debug_line    0x0000000000004b74      0xac1 ./Drivers/STM32F0xx_HAL_Driver/stm32f0xx_hal_cortex.o
 .debug_line    0x0000000000005635      0xb90 ./Drivers/STM32F0xx_HAL_Driver/stm32f0xx_hal_gpio.o
 .debug_line    0x00000000000061c5     0x3821 ./Drivers/STM32F0xx_HAL_Driver/stm32f0xx_hal_i2c.o
 .debug_line    0x00000000000099e6      0x9b8 ./Drivers/STM32F0xx_HAL_Driver/stm32f0xx_hal_i2c_ex.o
 .debug_line    0x000000000000a39e      0xdfd ./Drivers/STM32F0xx_HAL_Driver/stm32f0xx_hal_rcc.o
 .debug_line    0x000000000000b19b      0x9bb ./Drivers/STM32F0xx_HAL_Driver/stm32f0xx_hal_rcc_ex.o
 .debug_line    0x000000000000bb56     0x1095 ./Drivers/STM32F0xx_HAL_Driver/stm32f0xx_hal_rtc.o
 .debug_line    0x000000000000cbeb     0x375a ./Drivers/STM32F0xx_HAL_Driver/stm32f0xx_hal_tim.o
 .debug_line    0x0000000000010345     0x19b9 ./Drivers/STM32F0xx_HAL_Driver/stm32f0xx_hal_tim_ex.o
 .debug_line    0x0000000000011cfe     0x2ca1 ./Drivers/STM32F0xx_HAL_Driver/stm32f0xx_hal_uart.o

.debug_str      0x0000000000000000    0x78673
 .debug_str     0x0000000000000000    0x72a49 ./Application/User/Core/main.o
                                      0x72ef6 (size before relaxing)
 .debug_str     0x0000000000072a49      0x2a9 ./Application/User/Core/stm32f0xx_hal_msp.o
                                      0x72503 (size before relaxing)
 .debug_str     0x0000000000072cf2       0xb3 ./Application/User/Core/stm32f0xx_it.o
                                      0x719d6 (size before relaxing)
 .debug_str     0x0000000000072da5     0x1e78 ./Application/User/Core/sysmem.o
                                       0x5cc5 (size before relaxing)
 .debug_str     0x0000000000074c1d       0x42 ./Application/User/Startup/startup_stm32f051c6tx.o
                                         0x76 (size before relaxing)
 .debug_str     0x0000000000074c5f       0xa9 ./Drivers/CMSIS/system_stm32f0xx.o
                                      0x71559 (size before relaxing)
 .debug_str     0x0000000000074d08      0x398 ./Drivers/STM32F0xx_HAL_Driver/stm32f0xx_hal.o
                                      0x71b1f (size before relaxing)
 .debug_str     0x00000000000750a0      0x39f ./Drivers/STM32F0xx_HAL_Driver/stm32f0xx_hal_adc.o
                                      0x71c66 (size before relaxing)
 .debug_str     0x000000000007543f      0x1a1 ./Drivers/STM32F0xx_HAL_Driver/stm32f0xx_hal_cortex.o
                                      0x71910 (size before relaxing)
 .debug_str     0x00000000000755e0      0x118 ./Drivers/STM32F0xx_HAL_Driver/stm32f0xx_hal_gpio.o
                                      0x716fa (size before relaxing)
 .debug_str     0x00000000000756f8      0xdfa ./Drivers/STM32F0xx_HAL_Driver/stm32f0xx_hal_i2c.o
                                      0x728ba (size before relaxing)
 .debug_str     0x00000000000764f2       0xd6 ./Drivers/STM32F0xx_HAL_Driver/stm32f0xx_hal_i2c_ex.o
                                      0x71ae1 (size before relaxing)
 .debug_str     0x00000000000765c8      0x22d ./Drivers/STM32F0xx_HAL_Driver/stm32f0xx_hal_rcc.o
                                      0x71995 (size before relaxing)
 .debug_str     0x00000000000767f5       0xb5 ./Drivers/STM32F0xx_HAL_Driver/stm32f0xx_hal_rcc_ex.o
                                      0x716b4 (size before relaxing)
 .debug_str     0x00000000000768aa      0x28b ./Drivers/STM32F0xx_HAL_Driver/stm32f0xx_hal_rtc.o
                                      0x71a4b (size before relaxing)
 .debug_str     0x0000000000076b35      0xe1c ./Drivers/STM32F0xx_HAL_Driver/stm32f0xx_hal_tim.o
                                      0x7295f (size before relaxing)
 .debug_str     0x0000000000077951      0x4b1 ./Drivers/STM32F0xx_HAL_Driver/stm32f0xx_hal_tim_ex.o
                                      0x7217b (size before relaxing)
 .debug_str     0x0000000000077e02      0x871 ./Drivers/STM32F0xx_HAL_Driver/stm32f0xx_hal_uart.o
                                      0x722bd (size before relaxing)

.comment        0x0000000000000000       0x50
 .comment       0x0000000000000000       0x50 ./Application/User/Core/main.o
                                         0x51 (size before relaxing)
 .comment       0x0000000000000050       0x51 ./Application/User/Core/stm32f0xx_hal_msp.o
 .comment       0x0000000000000050       0x51 ./Application/User/Core/stm32f0xx_it.o
 .comment       0x0000000000000050       0x51 ./Application/User/Core/sysmem.o
 .comment       0x0000000000000050       0x51 ./Drivers/CMSIS/system_stm32f0xx.o
 .comment       0x0000000000000050       0x51 ./Drivers/STM32F0xx_HAL_Driver/stm32f0xx_hal.o
 .comment       0x0000000000000050       0x51 ./Drivers/STM32F0xx_HAL_Driver/stm32f0xx_hal_adc.o
 .comment       0x0000000000000050       0x51 ./Drivers/STM32F0xx_HAL_Driver/stm32f0xx_hal_cortex.o
 .comment       0x0000000000000050       0x51 ./Drivers/STM32F0xx_HAL_Driver/stm32f0xx_hal_gpio.o
 .comment       0x0000000000000050       0x51 ./Drivers/STM32F0xx_HAL_Driver/stm32f0xx_hal_i2c.o
 .comment       0x0000000000000050       0x51 ./Drivers/STM32F0xx_HAL_Driver/stm32f0xx_hal_i2c_ex.o
 .comment       0x0000000000000050       0x51 ./Drivers/STM32F0xx_HAL_Driver/stm32f0xx_hal_rcc.o
 .comment       0x0000000000000050       0x51 ./Drivers/STM32F0xx_HAL_Driver/stm32f0xx_hal_rcc_ex.o
 .comment       0x0000000000000050       0x51 ./Drivers/STM32F0xx_HAL_Driver/stm32f0xx_hal_rtc.o
 .comment       0x0000000000000050       0x51 ./Drivers/STM32F0xx_HAL_Driver/stm32f0xx_hal_tim.o
 .comment       0x0000000000000050       0x51 ./Drivers/STM32F0xx_HAL_Driver/stm32f0xx_hal_tim_ex.o
 .comment       0x0000000000000050       0x51 ./Drivers/STM32F0xx_HAL_Driver/stm32f0xx_hal_uart.o

.debug_frame    0x0000000000000000     0x4058
 .debug_frame   0x0000000000000000      0x234 ./Application/User/Core/main.o
 .debug_frame   0x0000000000000234      0x170 ./Application/User/Core/stm32f0xx_hal_msp.o
 .debug_frame   0x00000000000003a4       0xb8 ./Application/User/Core/stm32f0xx_it.o
 .debug_frame   0x000000000000045c       0x30 ./Application/User/Core/sysmem.o
 .debug_frame   0x000000000000048c       0x4c ./Drivers/CMSIS/system_stm32f0xx.o
 .debug_frame   0x00000000000004d8      0x2a4 ./Drivers/STM32F0xx_HAL_Driver/stm32f0xx_hal.o
 .debug_frame   0x000000000000077c      0x3a0 ./Drivers/STM32F0xx_HAL_Driver/stm32f0xx_hal_adc.o
 .debug_frame   0x0000000000000b1c      0x2a0 ./Drivers/STM32F0xx_HAL_Driver/stm32f0xx_hal_cortex.o
 .debug_frame   0x0000000000000dbc      0x110 ./Drivers/STM32F0xx_HAL_Driver/stm32f0xx_hal_gpio.o
 .debug_frame   0x0000000000000ecc      0xa64 ./Drivers/STM32F0xx_HAL_Driver/stm32f0xx_hal_i2c.o
 .debug_frame   0x0000000000001930       0xd0 ./Drivers/STM32F0xx_HAL_Driver/stm32f0xx_hal_i2c_ex.o
 .debug_frame   0x0000000000001a00      0x198 ./Drivers/STM32F0xx_HAL_Driver/stm32f0xx_hal_rcc.o
 .debug_frame   0x0000000000001b98       0x70 ./Drivers/STM32F0xx_HAL_Driver/stm32f0xx_hal_rcc_ex.o
 .debug_frame   0x0000000000001c08      0x360 ./Drivers/STM32F0xx_HAL_Driver/stm32f0xx_hal_rtc.o
 .debug_frame   0x0000000000001f68      0xf00 ./Drivers/STM32F0xx_HAL_Driver/stm32f0xx_hal_tim.o
 .debug_frame   0x0000000000002e68      0x560 ./Drivers/STM32F0xx_HAL_Driver/stm32f0xx_hal_tim_ex.o
 .debug_frame   0x00000000000033c8      0x850 ./Drivers/STM32F0xx_HAL_Driver/stm32f0xx_hal_uart.o
 .debug_frame   0x0000000000003c18       0x20 /Applications/STM32CubeIDE.app/Contents/Eclipse/plugins/com.st.stm32cube.ide.mcu.externaltools.gnu-tools-for-stm32.10.3-2021.10.macos64_1.0.200.202301161003/tools/bin/../lib/gcc/arm-none-eabi/10.3.1/../../../../arm-none-eabi/lib/thumb/v6-m/nofp/libc_nano.a(lib_a-errno.o)
 .debug_frame   0x0000000000003c38       0x2c /Applications/STM32CubeIDE.app/Contents/Eclipse/plugins/com.st.stm32cube.ide.mcu.externaltools.gnu-tools-for-stm32.10.3-2021.10.macos64_1.0.200.202301161003/tools/bin/../lib/gcc/arm-none-eabi/10.3.1/../../../../arm-none-eabi/lib/thumb/v6-m/nofp/libc_nano.a(lib_a-init.o)
 .debug_frame   0x0000000000003c64       0x20 /Applications/STM32CubeIDE.app/Contents/Eclipse/plugins/com.st.stm32cube.ide.mcu.externaltools.gnu-tools-for-stm32.10.3-2021.10.macos64_1.0.200.202301161003/tools/bin/../lib/gcc/arm-none-eabi/10.3.1/../../../../arm-none-eabi/lib/thumb/v6-m/nofp/libc_nano.a(lib_a-memset.o)
 .debug_frame   0x0000000000003c84       0x48 /Applications/STM32CubeIDE.app/Contents/Eclipse/plugins/com.st.stm32cube.ide.mcu.externaltools.gnu-tools-for-stm32.10.3-2021.10.macos64_1.0.200.202301161003/tools/bin/../lib/gcc/arm-none-eabi/10.3.1/../../../../arm-none-eabi/lib/thumb/v6-m/nofp/libc_nano.a(lib_a-sprintf.o)
 .debug_frame   0x0000000000003ccc       0x74 /Applications/STM32CubeIDE.app/Contents/Eclipse/plugins/com.st.stm32cube.ide.mcu.externaltools.gnu-tools-for-stm32.10.3-2021.10.macos64_1.0.200.202301161003/tools/bin/../lib/gcc/arm-none-eabi/10.3.1/../../../../arm-none-eabi/lib/thumb/v6-m/nofp/libc_nano.a(lib_a-nano-svfprintf.o)
 .debug_frame   0x0000000000003d40       0x54 /Applications/STM32CubeIDE.app/Contents/Eclipse/plugins/com.st.stm32cube.ide.mcu.externaltools.gnu-tools-for-stm32.10.3-2021.10.macos64_1.0.200.202301161003/tools/bin/../lib/gcc/arm-none-eabi/10.3.1/../../../../arm-none-eabi/lib/thumb/v6-m/nofp/libc_nano.a(lib_a-nano-vfprintf_i.o)
 .debug_frame   0x0000000000003d94       0x20 /Applications/STM32CubeIDE.app/Contents/Eclipse/plugins/com.st.stm32cube.ide.mcu.externaltools.gnu-tools-for-stm32.10.3-2021.10.macos64_1.0.200.202301161003/tools/bin/../lib/gcc/arm-none-eabi/10.3.1/../../../../arm-none-eabi/lib/thumb/v6-m/nofp/libc_nano.a(lib_a-memchr-stub.o)
 .debug_frame   0x0000000000003db4       0x28 /Applications/STM32CubeIDE.app/Contents/Eclipse/plugins/com.st.stm32cube.ide.mcu.externaltools.gnu-tools-for-stm32.10.3-2021.10.macos64_1.0.200.202301161003/tools/bin/../lib/gcc/arm-none-eabi/10.3.1/../../../../arm-none-eabi/lib/thumb/v6-m/nofp/libc_nano.a(lib_a-memcpy-stub.o)
 .debug_frame   0x0000000000003ddc       0x28 /Applications/STM32CubeIDE.app/Contents/Eclipse/plugins/com.st.stm32cube.ide.mcu.externaltools.gnu-tools-for-stm32.10.3-2021.10.macos64_1.0.200.202301161003/tools/bin/../lib/gcc/arm-none-eabi/10.3.1/../../../../arm-none-eabi/lib/thumb/v6-m/nofp/libc_nano.a(lib_a-memmove.o)
 .debug_frame   0x0000000000003e04       0x2c /Applications/STM32CubeIDE.app/Contents/Eclipse/plugins/com.st.stm32cube.ide.mcu.externaltools.gnu-tools-for-stm32.10.3-2021.10.macos64_1.0.200.202301161003/tools/bin/../lib/gcc/arm-none-eabi/10.3.1/../../../../arm-none-eabi/lib/thumb/v6-m/nofp/libc_nano.a(lib_a-nano-freer.o)
 .debug_frame   0x0000000000003e30       0x50 /Applications/STM32CubeIDE.app/Contents/Eclipse/plugins/com.st.stm32cube.ide.mcu.externaltools.gnu-tools-for-stm32.10.3-2021.10.macos64_1.0.200.202301161003/tools/bin/../lib/gcc/arm-none-eabi/10.3.1/../../../../arm-none-eabi/lib/thumb/v6-m/nofp/libc_nano.a(lib_a-nano-mallocr.o)
 .debug_frame   0x0000000000003e80       0x34 /Applications/STM32CubeIDE.app/Contents/Eclipse/plugins/com.st.stm32cube.ide.mcu.externaltools.gnu-tools-for-stm32.10.3-2021.10.macos64_1.0.200.202301161003/tools/bin/../lib/gcc/arm-none-eabi/10.3.1/../../../../arm-none-eabi/lib/thumb/v6-m/nofp/libc_nano.a(lib_a-nano-reallocr.o)
 .debug_frame   0x0000000000003eb4       0x2c /Applications/STM32CubeIDE.app/Contents/Eclipse/plugins/com.st.stm32cube.ide.mcu.externaltools.gnu-tools-for-stm32.10.3-2021.10.macos64_1.0.200.202301161003/tools/bin/../lib/gcc/arm-none-eabi/10.3.1/../../../../arm-none-eabi/lib/thumb/v6-m/nofp/libc_nano.a(lib_a-sbrkr.o)
 .debug_frame   0x0000000000003ee0       0x40 /Applications/STM32CubeIDE.app/Contents/Eclipse/plugins/com.st.stm32cube.ide.mcu.externaltools.gnu-tools-for-stm32.10.3-2021.10.macos64_1.0.200.202301161003/tools/bin/../lib/gcc/arm-none-eabi/10.3.1/../../../../arm-none-eabi/lib/thumb/v6-m/nofp/libc_nano.a(lib_a-mlock.o)
 .debug_frame   0x0000000000003f20       0x20 /Applications/STM32CubeIDE.app/Contents/Eclipse/plugins/com.st.stm32cube.ide.mcu.externaltools.gnu-tools-for-stm32.10.3-2021.10.macos64_1.0.200.202301161003/tools/bin/../lib/gcc/arm-none-eabi/10.3.1/../../../../arm-none-eabi/lib/thumb/v6-m/nofp/libc_nano.a(lib_a-nano-msizer.o)
 .debug_frame   0x0000000000003f40       0x48 /Applications/STM32CubeIDE.app/Contents/Eclipse/plugins/com.st.stm32cube.ide.mcu.externaltools.gnu-tools-for-stm32.10.3-2021.10.macos64_1.0.200.202301161003/tools/bin/../lib/gcc/arm-none-eabi/10.3.1/../../../../arm-none-eabi/lib/thumb/v6-m/nofp/libc_nano.a(lib_a-reent.o)
 .debug_frame   0x0000000000003f88       0xb0 /Applications/STM32CubeIDE.app/Contents/Eclipse/plugins/com.st.stm32cube.ide.mcu.externaltools.gnu-tools-for-stm32.10.3-2021.10.macos64_1.0.200.202301161003/tools/bin/../lib/gcc/arm-none-eabi/10.3.1/../../../../arm-none-eabi/lib/thumb/v6-m/nofp/libc_nano.a(lib_a-lock.o)
 .debug_frame   0x0000000000004038       0x20 /Applications/STM32CubeIDE.app/Contents/Eclipse/plugins/com.st.stm32cube.ide.mcu.externaltools.gnu-tools-for-stm32.10.3-2021.10.macos64_1.0.200.202301161003/tools/bin/../lib/gcc/arm-none-eabi/10.3.1/thumb/v6-m/nofp/libgcc.a(_udivsi3.o)
