Archive member included to satisfy reference by file (symbol)

/Applications/STM32CubeIDE.app/Contents/Eclipse/plugins/com.st.stm32cube.ide.mcu.externaltools.gnu-tools-for-stm32.10.3-2021.10.macos64_1.0.200.202301161003/tools/bin/../lib/gcc/arm-none-eabi/10.3.1/../../../../arm-none-eabi/lib/thumb/v6-m/nofp/libc_nano.a(lib_a-errno.o)
                              ./Application/User/Core/syscalls.o (__errno)
/Applications/STM32CubeIDE.app/Contents/Eclipse/plugins/com.st.stm32cube.ide.mcu.externaltools.gnu-tools-for-stm32.10.3-2021.10.macos64_1.0.200.202301161003/tools/bin/../lib/gcc/arm-none-eabi/10.3.1/../../../../arm-none-eabi/lib/thumb/v6-m/nofp/libc_nano.a(lib_a-exit.o)
                              /Applications/STM32CubeIDE.app/Contents/Eclipse/plugins/com.st.stm32cube.ide.mcu.externaltools.gnu-tools-for-stm32.10.3-2021.10.macos64_1.0.200.202301161003/tools/bin/../lib/gcc/arm-none-eabi/10.3.1/../../../../arm-none-eabi/lib/thumb/v6-m/nofp/crt0.o (exit)
/Applications/STM32CubeIDE.app/Contents/Eclipse/plugins/com.st.stm32cube.ide.mcu.externaltools.gnu-tools-for-stm32.10.3-2021.10.macos64_1.0.200.202301161003/tools/bin/../lib/gcc/arm-none-eabi/10.3.1/../../../../arm-none-eabi/lib/thumb/v6-m/nofp/libc_nano.a(lib_a-impure.o)
                              /Applications/STM32CubeIDE.app/Contents/Eclipse/plugins/com.st.stm32cube.ide.mcu.externaltools.gnu-tools-for-stm32.10.3-2021.10.macos64_1.0.200.202301161003/tools/bin/../lib/gcc/arm-none-eabi/10.3.1/../../../../arm-none-eabi/lib/thumb/v6-m/nofp/libc_nano.a(lib_a-exit.o) (_global_impure_ptr)
/Applications/STM32CubeIDE.app/Contents/Eclipse/plugins/com.st.stm32cube.ide.mcu.externaltools.gnu-tools-for-stm32.10.3-2021.10.macos64_1.0.200.202301161003/tools/bin/../lib/gcc/arm-none-eabi/10.3.1/../../../../arm-none-eabi/lib/thumb/v6-m/nofp/libc_nano.a(lib_a-init.o)
                              /Applications/STM32CubeIDE.app/Contents/Eclipse/plugins/com.st.stm32cube.ide.mcu.externaltools.gnu-tools-for-stm32.10.3-2021.10.macos64_1.0.200.202301161003/tools/bin/../lib/gcc/arm-none-eabi/10.3.1/../../../../arm-none-eabi/lib/thumb/v6-m/nofp/crt0.o (__libc_init_array)
/Applications/STM32CubeIDE.app/Contents/Eclipse/plugins/com.st.stm32cube.ide.mcu.externaltools.gnu-tools-for-stm32.10.3-2021.10.macos64_1.0.200.202301161003/tools/bin/../lib/gcc/arm-none-eabi/10.3.1/../../../../arm-none-eabi/lib/thumb/v6-m/nofp/libc_nano.a(lib_a-memset.o)
                              /Applications/STM32CubeIDE.app/Contents/Eclipse/plugins/com.st.stm32cube.ide.mcu.externaltools.gnu-tools-for-stm32.10.3-2021.10.macos64_1.0.200.202301161003/tools/bin/../lib/gcc/arm-none-eabi/10.3.1/../../../../arm-none-eabi/lib/thumb/v6-m/nofp/crt0.o (memset)
/Applications/STM32CubeIDE.app/Contents/Eclipse/plugins/com.st.stm32cube.ide.mcu.externaltools.gnu-tools-for-stm32.10.3-2021.10.macos64_1.0.200.202301161003/tools/bin/../lib/gcc/arm-none-eabi/10.3.1/thumb/v6-m/nofp/libgcc.a(_udivsi3.o)
                              ./Drivers/CMSIS/system_stm32f0xx.o (__aeabi_uidiv)
/Applications/STM32CubeIDE.app/Contents/Eclipse/plugins/com.st.stm32cube.ide.mcu.externaltools.gnu-tools-for-stm32.10.3-2021.10.macos64_1.0.200.202301161003/tools/bin/../lib/gcc/arm-none-eabi/10.3.1/thumb/v6-m/nofp/libgcc.a(_dvmd_tls.o)
                              /Applications/STM32CubeIDE.app/Contents/Eclipse/plugins/com.st.stm32cube.ide.mcu.externaltools.gnu-tools-for-stm32.10.3-2021.10.macos64_1.0.200.202301161003/tools/bin/../lib/gcc/arm-none-eabi/10.3.1/thumb/v6-m/nofp/libgcc.a(_udivsi3.o) (__aeabi_idiv0)

Discarded input sections

 .text          0x0000000000000000        0x0 /Applications/STM32CubeIDE.app/Contents/Eclipse/plugins/com.st.stm32cube.ide.mcu.externaltools.gnu-tools-for-stm32.10.3-2021.10.macos64_1.0.200.202301161003/tools/bin/../lib/gcc/arm-none-eabi/10.3.1/thumb/v6-m/nofp/crti.o
 .data          0x0000000000000000        0x0 /Applications/STM32CubeIDE.app/Contents/Eclipse/plugins/com.st.stm32cube.ide.mcu.externaltools.gnu-tools-for-stm32.10.3-2021.10.macos64_1.0.200.202301161003/tools/bin/../lib/gcc/arm-none-eabi/10.3.1/thumb/v6-m/nofp/crti.o
 .bss           0x0000000000000000        0x0 /Applications/STM32CubeIDE.app/Contents/Eclipse/plugins/com.st.stm32cube.ide.mcu.externaltools.gnu-tools-for-stm32.10.3-2021.10.macos64_1.0.200.202301161003/tools/bin/../lib/gcc/arm-none-eabi/10.3.1/thumb/v6-m/nofp/crti.o
 .data          0x0000000000000000        0x4 /Applications/STM32CubeIDE.app/Contents/Eclipse/plugins/com.st.stm32cube.ide.mcu.externaltools.gnu-tools-for-stm32.10.3-2021.10.macos64_1.0.200.202301161003/tools/bin/../lib/gcc/arm-none-eabi/10.3.1/thumb/v6-m/nofp/crtbegin.o
 .rodata        0x0000000000000000       0x24 /Applications/STM32CubeIDE.app/Contents/Eclipse/plugins/com.st.stm32cube.ide.mcu.externaltools.gnu-tools-for-stm32.10.3-2021.10.macos64_1.0.200.202301161003/tools/bin/../lib/gcc/arm-none-eabi/10.3.1/thumb/v6-m/nofp/crtbegin.o
[...]
Memory Configuration

Name             Origin             Length             Attributes
RAM              0x0000000020000000 0x0000000000002000 xrw
FLASH            0x0000000008000000 0x0000000000008000 xr
*default*        0x0000000000000000 0xffffffffffffffff

Linker script and memory map

LOAD /Applications/STM32CubeIDE.app/Contents/Eclipse/plugins/com.st.stm32cube.ide.mcu.externaltools.gnu-tools-for-stm32.10.3-2021.10.macos64_1.0.200.202301161003/tools/bin/../lib/gcc/arm-none-eabi/10.3.1/thumb/v6-m/nofp/crti.o
LOAD /Applications/STM32CubeIDE.app/Contents/Eclipse/plugins/com.st.stm32cube.ide.mcu.externaltools.gnu-tools-for-stm32.10.3-2021.10.macos64_1.0.200.202301161003/tools/bin/../lib/gcc/arm-none-eabi/10.3.1/thumb/v6-m/nofp/crtbegin.o
LOAD /Applications/STM32CubeIDE.app/Contents/Eclipse/plugins/com.st.stm32cube.ide.mcu.externaltools.gnu-tools-for-stm32.10.3-2021.10.macos64_1.0.200.202301161003/tools/bin/../lib/gcc/arm-none-eabi/10.3.1/../../../../arm-none-eabi/lib/thumb/v6-m/nofp/crt0.o
LOAD ./Application/User/Core/main.o
LOAD ./Application/User/Core/stm32f0xx_hal_msp.o
LOAD ./Application/User/Core/stm32f0xx_it.o
LOAD ./Application/User/Core/syscalls.o
LOAD ./Application/User/Core/sysmem.o
LOAD ./Application/User/Startup/startup_stm32f051c6tx.o
LOAD ./Drivers/CMSIS/system_stm32f0xx.o
LOAD ./Drivers/STM32F0xx_HAL_Driver/stm32f0xx_hal.o
LOAD ./Drivers/STM32F0xx_HAL_Driver/stm32f0xx_hal_adc.o
LOAD ./Drivers/STM32F0xx_HAL_Driver/stm32f0xx_hal_adc_ex.o
LOAD ./Drivers/STM32F0xx_HAL_Driver/stm32f0xx_hal_cortex.o
LOAD ./Drivers/STM32F0xx_HAL_Driver/stm32f0xx_hal_dma.o
LOAD ./Drivers/STM32F0xx_HAL_Driver/stm32f0xx_hal_exti.o
LOAD ./Drivers/STM32F0xx_HAL_Driver/stm32f0xx_hal_flash.o
LOAD ./Drivers/STM32F0xx_HAL_Driver/stm32f0xx_hal_flash_ex.o
LOAD ./Drivers/STM32F0xx_HAL_Driver/stm32f0xx_hal_gpio.o
LOAD ./Drivers/STM32F0xx_HAL_Driver/stm32f0xx_hal_i2c.o
LOAD ./Drivers/STM32F0xx_HAL_Driver/stm32f0xx_hal_i2c_ex.o
LOAD ./Drivers/STM32F0xx_HAL_Driver/stm32f0xx_hal_pwr.o
LOAD ./Drivers/STM32F0xx_HAL_Driver/stm32f0xx_hal_pwr_ex.o
LOAD ./Drivers/STM32F0xx_HAL_Driver/stm32f0xx_hal_rcc.o
LOAD ./Drivers/STM32F0xx_HAL_Driver/stm32f0xx_hal_rcc_ex.o
LOAD ./Drivers/STM32F0xx_HAL_Driver/stm32f0xx_hal_rtc.o
LOAD ./Drivers/STM32F0xx_HAL_Driver/stm32f0xx_hal_rtc_ex.o
LOAD ./Drivers/STM32F0xx_HAL_Driver/stm32f0xx_hal_tim.o
LOAD ./Drivers/STM32F0xx_HAL_Driver/stm32f0xx_hal_tim_ex.o
LOAD ./Drivers/STM32F0xx_HAL_Driver/stm32f0xx_hal_uart.o
LOAD ./Drivers/STM32F0xx_HAL_Driver/stm32f0xx_hal_uart_ex.o
START GROUP
LOAD /Applications/STM32CubeIDE.app/Contents/Eclipse/plugins/com.st.stm32cube.ide.mcu.externaltools.gnu-tools-for-stm32.10.3-2021.10.macos64_1.0.200.202301161003/tools/bin/../lib/gcc/arm-none-eabi/10.3.1/../../../../arm-none-eabi/lib/thumb/v6-m/nofp/libc_nano.a
LOAD /Applications/STM32CubeIDE.app/Contents/Eclipse/plugins/com.st.stm32cube.ide.mcu.externaltools.gnu-tools-for-stm32.10.3-2021.10.macos64_1.0.200.202301161003/tools/bin/../lib/gcc/arm-none-eabi/10.3.1/../../../../arm-none-eabi/lib/thumb/v6-m/nofp/libm.a
END GROUP
START GROUP
LOAD /Applications/STM32CubeIDE.app/Contents/Eclipse/plugins/com.st.stm32cube.ide.mcu.externaltools.gnu-tools-for-stm32.10.3-2021.10.macos64_1.0.200.202301161003/tools/bin/../lib/gcc/arm-none-eabi/10.3.1/thumb/v6-m/nofp/libgcc.a
LOAD /Applications/STM32CubeIDE.app/Contents/Eclipse/plugins/com.st.stm32cube.ide.mcu.externaltools.gnu-tools-for-stm32.10.3-2021.10.macos64_1.0.200.202301161003/tools/bin/../lib/gcc/arm-none-eabi/10.3.1/../../../../arm-none-eabi/lib/thumb/v6-m/nofp/libc_nano.a
END GROUP
START GROUP
LOAD /Applications/STM32CubeIDE.app/Contents/Eclipse/plugins/com.st.stm32cube.ide.mcu.externaltools.gnu-tools-for-stm32.10.3-2021.10.macos64_1.0.200.202301161003/tools/bin/../lib/gcc/arm-none-eabi/10.3.1/thumb/v6-m/nofp/libgcc.a
LOAD /Applications/STM32CubeIDE.app/Contents/Eclipse/plugins/com.st.stm32cube.ide.mcu.externaltools.gnu-tools-for-stm32.10.3-2021.10.macos64_1.0.200.202301161003/tools/bin/../lib/gcc/arm-none-eabi/10.3.1/../../../../arm-none-eabi/lib/thumb/v6-m/nofp/libc_nano.a
LOAD /Applications/STM32CubeIDE.app/Contents/Eclipse/plugins/com.st.stm32cube.ide.mcu.externaltools.gnu-tools-for-stm32.10.3-2021.10.macos64_1.0.200.202301161003/tools/bin/../lib/gcc/arm-none-eabi/10.3.1/../../../../arm-none-eabi/lib/thumb/v6-m/nofp/libnosys.a
END GROUP
START GROUP
LOAD /Applications/STM32CubeIDE.app/Contents/Eclipse/plugins/com.st.stm32cube.ide.mcu.externaltools.gnu-tools-for-stm32.10.3-2021.10.macos64_1.0.200.202301161003/tools/bin/../lib/gcc/arm-none-eabi/10.3.1/thumb/v6-m/nofp/libgcc.a
LOAD /Applications/STM32CubeIDE.app/Contents/Eclipse/plugins/com.st.stm32cube.ide.mcu.externaltools.gnu-tools-for-stm32.10.3-2021.10.macos64_1.0.200.202301161003/tools/bin/../lib/gcc/arm-none-eabi/10.3.1/../../../../arm-none-eabi/lib/thumb/v6-m/nofp/libc_nano.a
LOAD /Applications/STM32CubeIDE.app/Contents/Eclipse/plugins/com.st.stm32cube.ide.mcu.externaltools.gnu-tools-for-stm32.10.3-2021.10.macos64_1.0.200.202301161003/tools/bin/../lib/gcc/arm-none-eabi/10.3.1/../../../../arm-none-eabi/lib/thumb/v6-m/nofp/libnosys.a
END GROUP
LOAD /Applications/STM32CubeIDE.app/Contents/Eclipse/plugins/com.st.stm32cube.ide.mcu.externaltools.gnu-tools-for-stm32.10.3-2021.10.macos64_1.0.200.202301161003/tools/bin/../lib/gcc/arm-none-eabi/10.3.1/thumb/v6-m/nofp/crtend.o
LOAD /Applications/STM32CubeIDE.app/Contents/Eclipse/plugins/com.st.stm32cube.ide.mcu.externaltools.gnu-tools-for-stm32.10.3-2021.10.macos64_1.0.200.202301161003/tools/bin/../lib/gcc/arm-none-eabi/10.3.1/thumb/v6-m/nofp/crtn.o
                0x0000000020002000                _estack = (ORIGIN (RAM) + LENGTH (RAM))
                0x0000000000000200                _Min_Heap_Size = 0x200
                0x0000000000000400                _Min_Stack_Size = 0x400

.isr_vector     0x0000000008000000       0xc0
                0x0000000008000000                . = ALIGN (0x4)
 *(.isr_vector)
 .isr_vector    0x0000000008000000       0xc0 ./Application/User/Startup/startup_stm32f051c6tx.o
                0x0000000008000000                g_pfnVectors
                0x00000000080000c0                . = ALIGN (0x4)

.text           0x00000000080000c0     0x1d94
                0x00000000080000c0                . = ALIGN (0x4)
 *(.text)
 .text          0x00000000080000c0       0x48 /Applications/STM32CubeIDE.app/Contents/Eclipse/plugins/com.st.stm32cube.ide.mcu.externaltools.gnu-tools-for-stm32.10.3-2021.10.macos64_1.0.200.202301161003/tools/bin/../lib/gcc/arm-none-eabi/10.3.1/thumb/v6-m/nofp/crtbegin.o
 .text          0x0000000008000108      0x114 /Applications/STM32CubeIDE.app/Contents/Eclipse/plugins/com.st.stm32cube.ide.mcu.externaltools.gnu-tools-for-stm32.10.3-2021.10.macos64_1.0.200.202301161003/tools/bin/../lib/gcc/arm-none-eabi/10.3.1/thumb/v6-m/nofp/libgcc.a(_udivsi3.o)
                0x0000000008000108                __udivsi3
                0x0000000008000108                __aeabi_uidiv
                0x0000000008000214                __aeabi_uidivmod
 .text          0x000000000800021c        0x4 /Applications/STM32CubeIDE.app/Contents/Eclipse/plugins/com.st.stm32cube.ide.mcu.externaltools.gnu-tools-for-stm32.10.3-2021.10.macos64_1.0.200.202301161003/tools/bin/../lib/gcc/arm-none-eabi/10.3.1/thumb/v6-m/nofp/libgcc.a(_dvmd_tls.o)
                0x000000000800021c                __aeabi_ldiv0
                0x000000000800021c                __aeabi_idiv0
 *(.text*)
 .text.main     0x0000000008000220       0x68 ./Application/User/Core/main.o
                0x0000000008000220                main
 .text.MX_ADC_Init
                0x0000000008000288       0xd0 ./Application/User/Core/main.o
 .text.MX_I2C1_Init
                0x0000000008000358       0x80 ./Application/User/Core/main.o
 .text.MX_USART1_UART_Init
                0x00000000080003d8       0x60 ./Application/User/Core/main.o
 .text.MX_GPIO_Init
                0x0000000008000438      0x1a0 ./Application/User/Core/main.o
 .text.readData
                0x00000000080005d8       0xbc ./Application/User/Core/main.o
                0x00000000080005d8                readData
 .text.Error_Handler
                0x0000000008000694        0xa ./Application/User/Core/main.o
                0x0000000008000694                Error_Handler
 *fill*         0x000000000800069e        0x2 
 .text.HAL_MspInit
                0x00000000080006a0       0x48 ./Application/User/Core/stm32f0xx_hal_msp.o
                0x00000000080006a0                HAL_MspInit
 .text.HAL_ADC_MspInit
                0x00000000080006e8       0x8c ./Application/User/Core/stm32f0xx_hal_msp.o
                0x00000000080006e8                HAL_ADC_MspInit
 .text.HAL_I2C_MspInit
                0x0000000008000774       0x9c ./Application/User/Core/stm32f0xx_hal_msp.o
                0x0000000008000774                HAL_I2C_MspInit
 .text.HAL_UART_MspInit
                0x0000000008000810       0x9c ./Application/User/Core/stm32f0xx_hal_msp.o
                0x0000000008000810                HAL_UART_MspInit
 .text.NMI_Handler
                0x00000000080008ac        0x6 ./Application/User/Core/stm32f0xx_it.o
                0x00000000080008ac                NMI_Handler
 .text.HardFault_Handler
                0x00000000080008b2        0x6 ./Application/User/Core/stm32f0xx_it.o
                0x00000000080008b2                HardFault_Handler
 .text.SVC_Handler
                0x00000000080008b8        0xa ./Application/User/Core/stm32f0xx_it.o
                0x00000000080008b8                SVC_Handler
 .text.PendSV_Handler
                0x00000000080008c2        0xa ./Application/User/Core/stm32f0xx_it.o
                0x00000000080008c2                PendSV_Handler
 .text.SysTick_Handler
                0x00000000080008cc        0xe ./Application/User/Core/stm32f0xx_it.o
                0x00000000080008cc                SysTick_Handler
 *fill*         0x00000000080008da        0x2 
 .text.Reset_Handler
                0x00000000080008dc       0x50 ./Application/User/Startup/startup_stm32f051c6tx.o
                0x00000000080008dc                Reset_Handler
 .text.Default_Handler
                0x000000000800092c        0x2 ./Application/User/Startup/startup_stm32f051c6tx.o
                0x000000000800092c                TIM1_BRK_UP_TRG_COM_IRQHandler
                0x000000000800092c                TSC_IRQHandler
                0x000000000800092c                ADC1_COMP_IRQHandler
                0x000000000800092c                PVD_IRQHandler
                0x000000000800092c                I2C1_IRQHandler
                0x000000000800092c                RCC_CRS_IRQHandler
                0x000000000800092c                SPI1_IRQHandler
                0x000000000800092c                TIM6_DAC_IRQHandler
                0x000000000800092c                EXTI2_3_IRQHandler
                0x000000000800092c                I2C2_IRQHandler
                0x000000000800092c                TIM17_IRQHandler
                0x000000000800092c                CEC_CAN_IRQHandler
                0x000000000800092c                RTC_IRQHandler
                0x000000000800092c                TIM16_IRQHandler
                0x000000000800092c                TIM3_IRQHandler
                0x000000000800092c                EXTI4_15_IRQHandler
                0x000000000800092c                DMA1_Channel1_IRQHandler
                0x000000000800092c                Default_Handler
                0x000000000800092c                TIM14_IRQHandler
                0x000000000800092c                DMA1_Channel4_5_IRQHandler
                0x000000000800092c                TIM15_IRQHandler
                0x000000000800092c                EXTI0_1_IRQHandler
                0x000000000800092c                SPI2_IRQHandler
                0x000000000800092c                WWDG_IRQHandler
                0x000000000800092c                TIM2_IRQHandler
                0x000000000800092c                DMA1_Channel2_3_IRQHandler
                0x000000000800092c                USART2_IRQHandler
                0x000000000800092c                FLASH_IRQHandler
                0x000000000800092c                USART1_IRQHandler
                0x000000000800092c                TIM1_CC_IRQHandler
 .text.SystemInit
                0x000000000800092e        0xa ./Drivers/CMSIS/system_stm32f0xx.o
                0x000000000800092e                SystemInit
 .text.HAL_Init
                0x0000000008000938       0x28 ./Drivers/STM32F0xx_HAL_Driver/stm32f0xx_hal.o
                0x0000000008000938                HAL_Init
 .text.HAL_InitTick
                0x0000000008000960       0x68 ./Drivers/STM32F0xx_HAL_Driver/stm32f0xx_hal.o
                0x0000000008000960                HAL_InitTick
 .text.HAL_IncTick
                0x00000000080009c8       0x24 ./Drivers/STM32F0xx_HAL_Driver/stm32f0xx_hal.o
                0x00000000080009c8                HAL_IncTick
 .text.HAL_GetTick
                0x00000000080009ec       0x14 ./Drivers/STM32F0xx_HAL_Driver/stm32f0xx_hal.o
                0x00000000080009ec                HAL_GetTick
 .text.HAL_ADC_Init
                0x0000000008000a00      0x280 ./Drivers/STM32F0xx_HAL_Driver/stm32f0xx_hal_adc.o
                0x0000000008000a00                HAL_ADC_Init
 .text.HAL_ADC_ConfigChannel
                0x0000000008000c80      0x21c ./Drivers/STM32F0xx_HAL_Driver/stm32f0xx_hal_adc.o
                0x0000000008000c80                HAL_ADC_ConfigChannel
 .text.__NVIC_SetPriority
                0x0000000008000e9c       0xdc ./Drivers/STM32F0xx_HAL_Driver/stm32f0xx_hal_cortex.o
 .text.SysTick_Config
                0x0000000008000f78       0x48 ./Drivers/STM32F0xx_HAL_Driver/stm32f0xx_hal_cortex.o
 .text.HAL_NVIC_SetPriority
                0x0000000008000fc0       0x2a ./Drivers/STM32F0xx_HAL_Driver/stm32f0xx_hal_cortex.o
                0x0000000008000fc0                HAL_NVIC_SetPriority
 .text.HAL_SYSTICK_Config
                0x0000000008000fea       0x1a ./Drivers/STM32F0xx_HAL_Driver/stm32f0xx_hal_cortex.o
                0x0000000008000fea                HAL_SYSTICK_Config
 .text.HAL_GPIO_Init
                0x0000000008001004      0x2e0 ./Drivers/STM32F0xx_HAL_Driver/stm32f0xx_hal_gpio.o
                0x0000000008001004                HAL_GPIO_Init
 .text.HAL_GPIO_WritePin
                0x00000000080012e4       0x3a ./Drivers/STM32F0xx_HAL_Driver/stm32f0xx_hal_gpio.o
                0x00000000080012e4                HAL_GPIO_WritePin
 *fill*         0x000000000800131e        0x2 
 .text.HAL_I2C_Init
                0x0000000008001320      0x12c ./Drivers/STM32F0xx_HAL_Driver/stm32f0xx_hal_i2c.o
                0x0000000008001320                HAL_I2C_Init
 .text.HAL_I2CEx_ConfigAnalogFilter
                0x000000000800144c       0x98 ./Drivers/STM32F0xx_HAL_Driver/stm32f0xx_hal_i2c_ex.o
                0x000000000800144c                HAL_I2CEx_ConfigAnalogFilter
 .text.HAL_I2CEx_ConfigDigitalFilter
                0x00000000080014e4       0x98 ./Drivers/STM32F0xx_HAL_Driver/stm32f0xx_hal_i2c_ex.o
                0x00000000080014e4                HAL_I2CEx_ConfigDigitalFilter
 .text.HAL_RCC_GetSysClockFreq
                0x000000000800157c       0xac ./Drivers/STM32F0xx_HAL_Driver/stm32f0xx_hal_rcc.o
                0x000000000800157c                HAL_RCC_GetSysClockFreq
 .text.HAL_RCC_GetHCLKFreq
                0x0000000008001628       0x14 ./Drivers/STM32F0xx_HAL_Driver/stm32f0xx_hal_rcc.o
                0x0000000008001628                HAL_RCC_GetHCLKFreq
 .text.HAL_RCC_GetPCLK1Freq
                0x000000000800163c       0x2c ./Drivers/STM32F0xx_HAL_Driver/stm32f0xx_hal_rcc.o
                0x000000000800163c                HAL_RCC_GetPCLK1Freq
 .text.HAL_UART_Init
                0x0000000008001668       0xa8 ./Drivers/STM32F0xx_HAL_Driver/stm32f0xx_hal_uart.o
                0x0000000008001668                HAL_UART_Init
 .text.UART_SetConfig
                0x0000000008001710      0x280 ./Drivers/STM32F0xx_HAL_Driver/stm32f0xx_hal_uart.o
                0x0000000008001710                UART_SetConfig
 .text.UART_AdvFeatureConfig
                0x0000000008001990      0x168 ./Drivers/STM32F0xx_HAL_Driver/stm32f0xx_hal_uart.o
                0x0000000008001990                UART_AdvFeatureConfig
 .text.UART_CheckIdleState
                0x0000000008001af8      0x150 ./Drivers/STM32F0xx_HAL_Driver/stm32f0xx_hal_uart.o
                0x0000000008001af8                UART_CheckIdleState
 .text.UART_WaitOnFlagUntilTimeout
                0x0000000008001c48       0xd2 ./Drivers/STM32F0xx_HAL_Driver/stm32f0xx_hal_uart.o
                0x0000000008001c48                UART_WaitOnFlagUntilTimeout
 *fill*         0x0000000008001d1a        0x2 
 .text.UART_EndRxTransfer
                0x0000000008001d1c       0xc8 ./Drivers/STM32F0xx_HAL_Driver/stm32f0xx_hal_uart.o
 .text.__libc_init_array
                0x0000000008001de4       0x48 /Applications/STM32CubeIDE.app/Contents/Eclipse/plugins/com.st.stm32cube.ide.mcu.externaltools.gnu-tools-for-stm32.10.3-2021.10.macos64_1.0.200.202301161003/tools/bin/../lib/gcc/arm-none-eabi/10.3.1/../../../../arm-none-eabi/lib/thumb/v6-m/nofp/libc_nano.a(lib_a-init.o)
                0x0000000008001de4                __libc_init_array
 .text.memset   0x0000000008001e2c       0x10 /Applications/STM32CubeIDE.app/Contents/Eclipse/plugins/com.st.stm32cube.ide.mcu.externaltools.gnu-tools-for-stm32.10.3-2021.10.macos64_1.0.200.202301161003/tools/bin/../lib/gcc/arm-none-eabi/10.3.1/../../../../arm-none-eabi/lib/thumb/v6-m/nofp/libc_nano.a(lib_a-memset.o)
                0x0000000008001e2c                memset
 *(.glue_7)
 .glue_7        0x0000000008001e3c        0x0 linker stubs
 *(.glue_7t)
 .glue_7t       0x0000000008001e3c        0x0 linker stubs
 *(.eh_frame)
 .eh_frame      0x0000000008001e3c        0x0 /Applications/STM32CubeIDE.app/Contents/Eclipse/plugins/com.st.stm32cube.ide.mcu.externaltools.gnu-tools-for-stm32.10.3-2021.10.macos64_1.0.200.202301161003/tools/bin/../lib/gcc/arm-none-eabi/10.3.1/thumb/v6-m/nofp/crtbegin.o
 *(.init)
 .init          0x0000000008001e3c        0x4 /Applications/STM32CubeIDE.app/Contents/Eclipse/plugins/com.st.stm32cube.ide.mcu.externaltools.gnu-tools-for-stm32.10.3-2021.10.macos64_1.0.200.202301161003/tools/bin/../lib/gcc/arm-none-eabi/10.3.1/thumb/v6-m/nofp/crti.o
                0x0000000008001e3c                _init
 .init          0x0000000008001e40        0x8 /Applications/STM32CubeIDE.app/Contents/Eclipse/plugins/com.st.stm32cube.ide.mcu.externaltools.gnu-tools-for-stm32.10.3-2021.10.macos64_1.0.200.202301161003/tools/bin/../lib/gcc/arm-none-eabi/10.3.1/thumb/v6-m/nofp/crtn.o
 *(.fini)
 .fini          0x0000000008001e48        0x4 /Applications/STM32CubeIDE.app/Contents/Eclipse/plugins/com.st.stm32cube.ide.mcu.externaltools.gnu-tools-for-stm32.10.3-2021.10.macos64_1.0.200.202301161003/tools/bin/../lib/gcc/arm-none-eabi/10.3.1/thumb/v6-m/nofp/crti.o
                0x0000000008001e48                _fini
 .fini          0x0000000008001e4c        0x8 /Applications/STM32CubeIDE.app/Contents/Eclipse/plugins/com.st.stm32cube.ide.mcu.externaltools.gnu-tools-for-stm32.10.3-2021.10.macos64_1.0.200.202301161003/tools/bin/../lib/gcc/arm-none-eabi/10.3.1/thumb/v6-m/nofp/crtn.o
                0x0000000008001e54                . = ALIGN (0x4)
                0x0000000008001e54                _etext = .

.vfp11_veneer   0x0000000008001e54        0x0
 .vfp11_veneer  0x0000000008001e54        0x0 linker stubs

.v4_bx          0x0000000008001e54        0x0
 .v4_bx         0x0000000008001e54        0x0 linker stubs

.iplt           0x0000000008001e54        0x0
 .iplt          0x0000000008001e54        0x0 /Applications/STM32CubeIDE.app/Contents/Eclipse/plugins/com.st.stm32cube.ide.mcu.externaltools.gnu-tools-for-stm32.10.3-2021.10.macos64_1.0.200.202301161003/tools/bin/../lib/gcc/arm-none-eabi/10.3.1/thumb/v6-m/nofp/crtbegin.o

.rodata         0x0000000008001e54       0x28
                0x0000000008001e54                . = ALIGN (0x4)
 *(.rodata)
 *(.rodata*)
 .rodata.APBPrescTable
                0x0000000008001e54        0x8 ./Drivers/CMSIS/system_stm32f0xx.o
                0x0000000008001e54                APBPrescTable
 .rodata.aPLLMULFactorTable.1
                0x0000000008001e5c       0x10 ./Drivers/STM32F0xx_HAL_Driver/stm32f0xx_hal_rcc.o
 .rodata.aPredivFactorTable.0
                0x0000000008001e6c       0x10 ./Drivers/STM32F0xx_HAL_Driver/stm32f0xx_hal_rcc.o
                0x0000000008001e7c                . = ALIGN (0x4)

.rel.dyn        0x0000000008001e7c        0x0
 .rel.iplt      0x0000000008001e7c        0x0 /Applications/STM32CubeIDE.app/Contents/Eclipse/plugins/com.st.stm32cube.ide.mcu.externaltools.gnu-tools-for-stm32.10.3-2021.10.macos64_1.0.200.202301161003/tools/bin/../lib/gcc/arm-none-eabi/10.3.1/thumb/v6-m/nofp/crtbegin.o

.ARM.extab      0x0000000008001e7c        0x0
                0x0000000008001e7c                . = ALIGN (0x4)
 *(.ARM.extab* .gnu.linkonce.armextab.*)
                0x0000000008001e7c                . = ALIGN (0x4)

.ARM            0x0000000008001e7c        0x0
                0x0000000008001e7c                . = ALIGN (0x4)
                0x0000000008001e7c                __exidx_start = .
 *(.ARM.exidx*)
                0x0000000008001e7c                __exidx_end = .
                0x0000000008001e7c                . = ALIGN (0x4)

.preinit_array  0x0000000008001e7c        0x0
                0x0000000008001e7c                . = ALIGN (0x4)
                0x0000000008001e7c                PROVIDE (__preinit_array_start = .)
 *(.preinit_array*)
                0x0000000008001e7c                PROVIDE (__preinit_array_end = .)
                0x0000000008001e7c                . = ALIGN (0x4)

.init_array     0x0000000008001e7c        0x4
                0x0000000008001e7c                . = ALIGN (0x4)
                0x0000000008001e7c                PROVIDE (__init_array_start = .)
 *(SORT_BY_NAME(.init_array.*))
 *(.init_array*)
 .init_array    0x0000000008001e7c        0x4 /Applications/STM32CubeIDE.app/Contents/Eclipse/plugins/com.st.stm32cube.ide.mcu.externaltools.gnu-tools-for-stm32.10.3-2021.10.macos64_1.0.200.202301161003/tools/bin/../lib/gcc/arm-none-eabi/10.3.1/thumb/v6-m/nofp/crtbegin.o
                0x0000000008001e80                PROVIDE (__init_array_end = .)
                0x0000000008001e80                . = ALIGN (0x4)

.fini_array     0x0000000008001e80        0x4
                0x0000000008001e80                . = ALIGN (0x4)
                [!provide]                        PROVIDE (__fini_array_start = .)
 *(SORT_BY_NAME(.fini_array.*))
 *(.fini_array*)
 .fini_array    0x0000000008001e80        0x4 /Applications/STM32CubeIDE.app/Contents/Eclipse/plugins/com.st.stm32cube.ide.mcu.externaltools.gnu-tools-for-stm32.10.3-2021.10.macos64_1.0.200.202301161003/tools/bin/../lib/gcc/arm-none-eabi/10.3.1/thumb/v6-m/nofp/crtbegin.o
                [!provide]                        PROVIDE (__fini_array_end = .)
                0x0000000008001e84                . = ALIGN (0x4)
                0x0000000008001e84                _sidata = LOADADDR (.data)

.data           0x0000000020000000        0xc load address 0x0000000008001e84
                0x0000000020000000                . = ALIGN (0x4)
                0x0000000020000000                _sdata = .
 *(.data)
 *(.data*)
 .data.SystemCoreClock
                0x0000000020000000        0x4 ./Drivers/CMSIS/system_stm32f0xx.o
                0x0000000020000000                SystemCoreClock
 .data.uwTickPrio
                0x0000000020000004        0x4 ./Drivers/STM32F0xx_HAL_Driver/stm32f0xx_hal.o
                0x0000000020000004                uwTickPrio
 .data.uwTickFreq
                0x0000000020000008        0x1 ./Drivers/STM32F0xx_HAL_Driver/stm32f0xx_hal.o
                0x0000000020000008                uwTickFreq
 *(.RamFunc)
 *(.RamFunc*)
                0x000000002000000c                . = ALIGN (0x4)
 *fill*         0x0000000020000009        0x3 
                0x000000002000000c                _edata = .

.igot.plt       0x000000002000000c        0x0 load address 0x0000000008001e90
 .igot.plt      0x000000002000000c        0x0 /Applications/STM32CubeIDE.app/Contents/Eclipse/plugins/com.st.stm32cube.ide.mcu.externaltools.gnu-tools-for-stm32.10.3-2021.10.macos64_1.0.200.202301161003/tools/bin/../lib/gcc/arm-none-eabi/10.3.1/thumb/v6-m/nofp/crtbegin.o
                0x000000002000000c                . = ALIGN (0x4)

.bss            0x000000002000000c      0x13c load address 0x0000000008001e90
                0x000000002000000c                _sbss = .
                0x000000002000000c                __bss_start__ = _sbss
 *(.bss)
 .bss           0x000000002000000c       0x1c /Applications/STM32CubeIDE.app/Contents/Eclipse/plugins/com.st.stm32cube.ide.mcu.externaltools.gnu-tools-for-stm32.10.3-2021.10.macos64_1.0.200.202301161003/tools/bin/../lib/gcc/arm-none-eabi/10.3.1/thumb/v6-m/nofp/crtbegin.o
 *(.bss*)
 .bss.hadc      0x0000000020000028       0x40 ./Application/User/Core/main.o
                0x0000000020000028                hadc
 .bss.hi2c1     0x0000000020000068       0x54 ./Application/User/Core/main.o
                0x0000000020000068                hi2c1
 .bss.huart1    0x00000000200000bc       0x88 ./Application/User/Core/main.o
                0x00000000200000bc                huart1
 .bss.uwTick    0x0000000020000144        0x4 ./Drivers/STM32F0xx_HAL_Driver/stm32f0xx_hal.o
                0x0000000020000144                uwTick
 *(COMMON)
                0x0000000020000148                . = ALIGN (0x4)
                0x0000000020000148                _ebss = .
                0x0000000020000148                __bss_end__ = _ebss

._user_heap_stack
                0x0000000020000148      0x600 load address 0x0000000008001e90
                0x0000000020000148                . = ALIGN (0x8)
                [!provide]                        PROVIDE (end = .)
                0x0000000020000148                PROVIDE (_end = .)
                0x0000000020000348                . = (. + _Min_Heap_Size)
 *fill*         0x0000000020000148      0x200 
                0x0000000020000748                . = (. + _Min_Stack_Size)
 *fill*         0x0000000020000348      0x400 
                0x0000000020000748                . = ALIGN (0x8)

/DISCARD/
 libc.a(*)
 libm.a(*)
 libgcc.a(*)

.ARM.attributes
                0x0000000000000000       0x28
 *(.ARM.attributes)
 .ARM.attributes
                0x0000000000000000       0x1e /Applications/STM32CubeIDE.app/Contents/Eclipse/plugins/com.st.stm32cube.ide.mcu.externaltools.gnu-tools-for-stm32.10.3-2021.10.macos64_1.0.200.202301161003/tools/bin/../lib/gcc/arm-none-eabi/10.3.1/thumb/v6-m/nofp/crti.o
 .ARM.attributes
                0x000000000000001e       0x2c /Applications/STM32CubeIDE.app/Contents/Eclipse/plugins/com.st.stm32cube.ide.mcu.externaltools.gnu-tools-for-stm32.10.3-2021.10.macos64_1.0.200.202301161003/tools/bin/../lib/gcc/arm-none-eabi/10.3.1/thumb/v6-m/nofp/crtbegin.o
 .ARM.attributes
                0x000000000000004a       0x2c ./Application/User/Core/main.o
 .ARM.attributes
                0x0000000000000076       0x2c ./Application/User/Core/stm32f0xx_hal_msp.o
 .ARM.attributes
                0x00000000000000a2       0x2c ./Application/User/Core/stm32f0xx_it.o
 .ARM.attributes
                0x00000000000000ce       0x21 ./Application/User/Startup/startup_stm32f051c6tx.o
 .ARM.attributes
                0x00000000000000ef       0x2c ./Drivers/CMSIS/system_stm32f0xx.o
 .ARM.attributes
                0x000000000000011b       0x2c ./Drivers/STM32F0xx_HAL_Driver/stm32f0xx_hal.o
 .ARM.attributes
                0x0000000000000147       0x2c ./Drivers/STM32F0xx_HAL_Driver/stm32f0xx_hal_adc.o
 .ARM.attributes
                0x0000000000000173       0x2c ./Drivers/STM32F0xx_HAL_Driver/stm32f0xx_hal_cortex.o
 .ARM.attributes
                0x000000000000019f       0x2c ./Drivers/STM32F0xx_HAL_Driver/stm32f0xx_hal_gpio.o
 .ARM.attributes
                0x00000000000001cb       0x2c ./Drivers/STM32F0xx_HAL_Driver/stm32f0xx_hal_i2c.o
 .ARM.attributes
                0x00000000000001f7       0x2c ./Drivers/STM32F0xx_HAL_Driver/stm32f0xx_hal_i2c_ex.o
 .ARM.attributes
                0x0000000000000223       0x2c ./Drivers/STM32F0xx_HAL_Driver/stm32f0xx_hal_rcc.o
 .ARM.attributes
                0x000000000000024f       0x2c ./Drivers/STM32F0xx_HAL_Driver/stm32f0xx_hal_uart.o
 .ARM.attributes
                0x000000000000027b       0x2c /Applications/STM32CubeIDE.app/Contents/Eclipse/plugins/com.st.stm32cube.ide.mcu.externaltools.gnu-tools-for-stm32.10.3-2021.10.macos64_1.0.200.202301161003/tools/bin/../lib/gcc/arm-none-eabi/10.3.1/../../../../arm-none-eabi/lib/thumb/v6-m/nofp/libc_nano.a(lib_a-init.o)
 .ARM.attributes
                0x00000000000002a7       0x2c /Applications/STM32CubeIDE.app/Contents/Eclipse/plugins/com.st.stm32cube.ide.mcu.externaltools.gnu-tools-for-stm32.10.3-2021.10.macos64_1.0.200.202301161003/tools/bin/../lib/gcc/arm-none-eabi/10.3.1/../../../../arm-none-eabi/lib/thumb/v6-m/nofp/libc_nano.a(lib_a-memset.o)
 .ARM.attributes
                0x00000000000002d3       0x1e /Applications/STM32CubeIDE.app/Contents/Eclipse/plugins/com.st.stm32cube.ide.mcu.externaltools.gnu-tools-for-stm32.10.3-2021.10.macos64_1.0.200.202301161003/tools/bin/../lib/gcc/arm-none-eabi/10.3.1/thumb/v6-m/nofp/libgcc.a(_udivsi3.o)
 .ARM.attributes
                0x00000000000002f1       0x1e /Applications/STM32CubeIDE.app/Contents/Eclipse/plugins/com.st.stm32cube.ide.mcu.externaltools.gnu-tools-for-stm32.10.3-2021.10.macos64_1.0.200.202301161003/tools/bin/../lib/gcc/arm-none-eabi/10.3.1/thumb/v6-m/nofp/libgcc.a(_dvmd_tls.o)
 .ARM.attributes
                0x000000000000030f       0x1e /Applications/STM32CubeIDE.app/Contents/Eclipse/plugins/com.st.stm32cube.ide.mcu.externaltools.gnu-tools-for-stm32.10.3-2021.10.macos64_1.0.200.202301161003/tools/bin/../lib/gcc/arm-none-eabi/10.3.1/thumb/v6-m/nofp/crtn.o
OUTPUT(Code.elf elf32-littlearm)
LOAD linker stubs
LOAD /Applications/STM32CubeIDE.app/Contents/Eclipse/plugins/com.st.stm32cube.ide.mcu.externaltools.gnu-tools-for-stm32.10.3-2021.10.macos64_1.0.200.202301161003/tools/bin/../lib/gcc/arm-none-eabi/10.3.1/../../../../arm-none-eabi/lib/thumb/v6-m/nofp/libc.a
LOAD /Applications/STM32CubeIDE.app/Contents/Eclipse/plugins/com.st.stm32cube.ide.mcu.externaltools.gnu-tools-for-stm32.10.3-2021.10.macos64_1.0.200.202301161003/tools/bin/../lib/gcc/arm-none-eabi/10.3.1/../../../../arm-none-eabi/lib/thumb/v6-m/nofp/libm.a
LOAD /Applications/STM32CubeIDE.app/Contents/Eclipse/plugins/com.st.stm32cube.ide.mcu.externaltools.gnu-tools-for-stm32.10.3-2021.10.macos64_1.0.200.202301161003/tools/bin/../lib/gcc/arm-none-eabi/10.3.1/thumb/v6-m/nofp/libgcc.a

.debug_info     0x0000000000000000     0xbebf
 .debug_info    0x0000000000000000     0x16ae ./Application/User/Core/main.o
 .debug_info    0x00000000000016ae     0x1297 ./Application/User/Core/stm32f0xx_hal_msp.o
 .debug_info    0x0000000000002945       0xda ./Application/User/Core/stm32f0xx_it.o
 .debug_info    0x0000000000002a1f       0x22 ./Application/User/Startup/startup_stm32f051c6tx.o
 .debug_info    0x0000000000002a41      0x269 ./Drivers/CMSIS/system_stm32f0xx.o
 .debug_info    0x0000000000002caa      0x6de ./Drivers/STM32F0xx_HAL_Driver/stm32f0xx_hal.o
 .debug_info    0x0000000000003388      0xd13 ./Drivers/STM32F0xx_HAL_Driver/stm32f0xx_hal_adc.o
 .debug_info    0x000000000000409b      0x711 ./Drivers/STM32F0xx_HAL_Driver/stm32f0xx_hal_cortex.o
 .debug_info    0x00000000000047ac      0x620 ./Drivers/STM32F0xx_HAL_Driver/stm32f0xx_hal_gpio.o
 .debug_info    0x0000000000004dcc     0x2266 ./Drivers/STM32F0xx_HAL_Driver/stm32f0xx_hal_i2c.o
 .debug_info    0x0000000000007032      0x8b4 ./Drivers/STM32F0xx_HAL_Driver/stm32f0xx_hal_i2c_ex.o
 .debug_info    0x00000000000078e6      0x8a3 ./Drivers/STM32F0xx_HAL_Driver/stm32f0xx_hal_rcc.o
 .debug_info    0x0000000000008189     0x3d36 ./Drivers/STM32F0xx_HAL_Driver/stm32f0xx_hal_uart.o

.debug_abbrev   0x0000000000000000     0x1840
 .debug_abbrev  0x0000000000000000      0x2ba ./Application/User/Core/main.o
 .debug_abbrev  0x00000000000002ba      0x200 ./Application/User/Core/stm32f0xx_hal_msp.o
 .debug_abbrev  0x00000000000004ba       0x74 ./Application/User/Core/stm32f0xx_it.o
 .debug_abbrev  0x000000000000052e       0x12 ./Application/User/Startup/startup_stm32f051c6tx.o
 .debug_abbrev  0x0000000000000540      0x116 ./Drivers/CMSIS/system_stm32f0xx.o
 .debug_abbrev  0x0000000000000656      0x23f ./Drivers/STM32F0xx_HAL_Driver/stm32f0xx_hal.o
 .debug_abbrev  0x0000000000000895      0x203 ./Drivers/STM32F0xx_HAL_Driver/stm32f0xx_hal_adc.o
 .debug_abbrev  0x0000000000000a98      0x283 ./Drivers/STM32F0xx_HAL_Driver/stm32f0xx_hal_cortex.o
 .debug_abbrev  0x0000000000000d1b      0x1bb ./Drivers/STM32F0xx_HAL_Driver/stm32f0xx_hal_gpio.o
 .debug_abbrev  0x0000000000000ed6      0x25b ./Drivers/STM32F0xx_HAL_Driver/stm32f0xx_hal_i2c.o
 .debug_abbrev  0x0000000000001131      0x1c1 ./Drivers/STM32F0xx_HAL_Driver/stm32f0xx_hal_i2c_ex.o
 .debug_abbrev  0x00000000000012f2      0x283 ./Drivers/STM32F0xx_HAL_Driver/stm32f0xx_hal_rcc.o
 .debug_abbrev  0x0000000000001575      0x2cb ./Drivers/STM32F0xx_HAL_Driver/stm32f0xx_hal_uart.o

.debug_aranges  0x0000000000000000      0x9c0
 .debug_aranges
                0x0000000000000000       0x60 ./Application/User/Core/main.o
 .debug_aranges
                0x0000000000000060       0x60 ./Application/User/Core/stm32f0xx_hal_msp.o
 .debug_aranges
                0x00000000000000c0       0x40 ./Application/User/Core/stm32f0xx_it.o
 .debug_aranges
                0x0000000000000100       0x28 ./Application/User/Startup/startup_stm32f051c6tx.o
 .debug_aranges
                0x0000000000000128       0x28 ./Drivers/CMSIS/system_stm32f0xx.o
 .debug_aranges
                0x0000000000000150       0xd0 ./Drivers/STM32F0xx_HAL_Driver/stm32f0xx_hal.o
 .debug_aranges
                0x0000000000000220       0xf8 ./Drivers/STM32F0xx_HAL_Driver/stm32f0xx_hal_adc.o
 .debug_aranges
                0x0000000000000318       0xc0 ./Drivers/STM32F0xx_HAL_Driver/stm32f0xx_hal_cortex.o
 .debug_aranges
                0x00000000000003d8       0x58 ./Drivers/STM32F0xx_HAL_Driver/stm32f0xx_hal_gpio.o
 .debug_aranges
                0x0000000000000430      0x2a0 ./Drivers/STM32F0xx_HAL_Driver/stm32f0xx_hal_i2c.o
 .debug_aranges
                0x00000000000006d0       0x48 ./Drivers/STM32F0xx_HAL_Driver/stm32f0xx_hal_i2c_ex.o
 .debug_aranges
                0x0000000000000718       0x80 ./Drivers/STM32F0xx_HAL_Driver/stm32f0xx_hal_rcc.o
 .debug_aranges
                0x0000000000000798      0x228 ./Drivers/STM32F0xx_HAL_Driver/stm32f0xx_hal_uart.o

.debug_ranges   0x0000000000000000      0x928
 .debug_ranges  0x0000000000000000       0x50 ./Application/User/Core/main.o
 .debug_ranges  0x0000000000000050       0x50 ./Application/User/Core/stm32f0xx_hal_msp.o
 .debug_ranges  0x00000000000000a0       0x30 ./Application/User/Core/stm32f0xx_it.o
 .debug_ranges  0x00000000000000d0       0x20 ./Application/User/Startup/startup_stm32f051c6tx.o
 .debug_ranges  0x00000000000000f0       0x18 ./Drivers/CMSIS/system_stm32f0xx.o
 .debug_ranges  0x0000000000000108       0xc0 ./Drivers/STM32F0xx_HAL_Driver/stm32f0xx_hal.o
 .debug_ranges  0x00000000000001c8       0xe8 ./Drivers/STM32F0xx_HAL_Driver/stm32f0xx_hal_adc.o
 .debug_ranges  0x00000000000002b0       0xb0 ./Drivers/STM32F0xx_HAL_Driver/stm32f0xx_hal_cortex.o
 .debug_ranges  0x0000000000000360       0x48 ./Drivers/STM32F0xx_HAL_Driver/stm32f0xx_hal_gpio.o
 .debug_ranges  0x00000000000003a8      0x290 ./Drivers/STM32F0xx_HAL_Driver/stm32f0xx_hal_i2c.o
 .debug_ranges  0x0000000000000638       0x38 ./Drivers/STM32F0xx_HAL_Driver/stm32f0xx_hal_i2c_ex.o
 .debug_ranges  0x0000000000000670       0x70 ./Drivers/STM32F0xx_HAL_Driver/stm32f0xx_hal_rcc.o
 .debug_ranges  0x00000000000006e0      0x248 ./Drivers/STM32F0xx_HAL_Driver/stm32f0xx_hal_uart.o

.debug_macro    0x0000000000000000    0x11b49
 .debug_macro   0x0000000000000000      0x1e5 ./Application/User/Core/main.o
 .debug_macro   0x00000000000001e5      0xa4e ./Application/User/Core/main.o
 .debug_macro   0x0000000000000c33      0x139 ./Application/User/Core/main.o
 .debug_macro   0x0000000000000d6c       0x2e ./Application/User/Core/main.o
 .debug_macro   0x0000000000000d9a       0x22 ./Application/User/Core/main.o
 .debug_macro   0x0000000000000dbc       0x22 ./Application/User/Core/main.o
 .debug_macro   0x0000000000000dde       0x8e ./Application/User/Core/main.o
 .debug_macro   0x0000000000000e6c       0x51 ./Application/User/Core/main.o
 .debug_macro   0x0000000000000ebd      0x103 ./Application/User/Core/main.o
 .debug_macro   0x0000000000000fc0       0x6a ./Application/User/Core/main.o
 .debug_macro   0x000000000000102a      0x1df ./Application/User/Core/main.o
 .debug_macro   0x0000000000001209       0x1c ./Application/User/Core/main.o
 .debug_macro   0x0000000000001225       0x22 ./Application/User/Core/main.o
 .debug_macro   0x0000000000001247       0xaf ./Application/User/Core/main.o
 .debug_macro   0x00000000000012f6      0x391 ./Application/User/Core/main.o
 .debug_macro   0x0000000000001687     0x8d00 ./Application/User/Core/main.o
 .debug_macro   0x000000000000a387       0x66 ./Application/User/Core/main.o
 .debug_macro   0x000000000000a3ed     0x34be ./Application/User/Core/main.o
 .debug_macro   0x000000000000d8ab      0x174 ./Application/User/Core/main.o
 .debug_macro   0x000000000000da1f       0x55 ./Application/User/Core/main.o
 .debug_macro   0x000000000000da74      0x924 ./Application/User/Core/main.o
 .debug_macro   0x000000000000e398      0x251 ./Application/User/Core/main.o
 .debug_macro   0x000000000000e5e9      0x1ae ./Application/User/Core/main.o
 .debug_macro   0x000000000000e797      0x114 ./Application/User/Core/main.o
 .debug_macro   0x000000000000e8ab      0x1a0 ./Application/User/Core/main.o
 .debug_macro   0x000000000000ea4b      0x1ed ./Application/User/Core/main.o
 .debug_macro   0x000000000000ec38       0x34 ./Application/User/Core/main.o
 .debug_macro   0x000000000000ec6c       0x43 ./Application/User/Core/main.o
 .debug_macro   0x000000000000ecaf       0x28 ./Application/User/Core/main.o
 .debug_macro   0x000000000000ecd7      0x33d ./Application/User/Core/main.o
 .debug_macro   0x000000000000f014       0xd4 ./Application/User/Core/main.o
 .debug_macro   0x000000000000f0e8       0xb0 ./Application/User/Core/main.o
 .debug_macro   0x000000000000f198      0x199 ./Application/User/Core/main.o
 .debug_macro   0x000000000000f331      0x22c ./Application/User/Core/main.o
 .debug_macro   0x000000000000f55d       0x61 ./Application/User/Core/main.o
 .debug_macro   0x000000000000f5be       0xa5 ./Application/User/Core/main.o
 .debug_macro   0x000000000000f663       0x4c ./Application/User/Core/main.o
 .debug_macro   0x000000000000f6af      0x112 ./Application/User/Core/main.o
 .debug_macro   0x000000000000f7c1      0x2bf ./Application/User/Core/main.o
 .debug_macro   0x000000000000fa80      0x301 ./Application/User/Core/main.o
 .debug_macro   0x000000000000fd81       0xeb ./Application/User/Core/main.o
 .debug_macro   0x000000000000fe6c      0x5ba ./Application/User/Core/main.o
 .debug_macro   0x0000000000010426       0x3e ./Application/User/Core/main.o
 .debug_macro   0x0000000000010464      0x114 ./Application/User/Core/main.o
 .debug_macro   0x0000000000010578      0x1e5 ./Application/User/Core/stm32f0xx_hal_msp.o
 .debug_macro   0x000000000001075d      0x1ef ./Application/User/Core/stm32f0xx_it.o
 .debug_macro   0x000000000001094c      0x1db ./Drivers/CMSIS/system_stm32f0xx.o
 .debug_macro   0x0000000000010b27      0x1ff ./Drivers/STM32F0xx_HAL_Driver/stm32f0xx_hal.o
 .debug_macro   0x0000000000010d26      0x1ff ./Drivers/STM32F0xx_HAL_Driver/stm32f0xx_hal_adc.o
 .debug_macro   0x0000000000010f25      0x1db ./Drivers/STM32F0xx_HAL_Driver/stm32f0xx_hal_cortex.o
 .debug_macro   0x0000000000011100      0x1e2 ./Drivers/STM32F0xx_HAL_Driver/stm32f0xx_hal_gpio.o
 .debug_macro   0x00000000000112e2      0x2a7 ./Drivers/STM32F0xx_HAL_Driver/stm32f0xx_hal_i2c.o
 .debug_macro   0x0000000000011589      0x1db ./Drivers/STM32F0xx_HAL_Driver/stm32f0xx_hal_i2c_ex.o
 .debug_macro   0x0000000000011764      0x1ed ./Drivers/STM32F0xx_HAL_Driver/stm32f0xx_hal_rcc.o
 .debug_macro   0x0000000000011951      0x1f8 ./Drivers/STM32F0xx_HAL_Driver/stm32f0xx_hal_uart.o

.debug_line     0x0000000000000000     0xd2a5
 .debug_line    0x0000000000000000      0xa9e ./Application/User/Core/main.o
 .debug_line    0x0000000000000a9e      0x8a7 ./Application/User/Core/stm32f0xx_hal_msp.o
 .debug_line    0x0000000000001345      0x7f2 ./Application/User/Core/stm32f0xx_it.o
 .debug_line    0x0000000000001b37       0x95 ./Application/User/Startup/startup_stm32f051c6tx.o
 .debug_line    0x0000000000001bcc      0x7fd ./Drivers/CMSIS/system_stm32f0xx.o
 .debug_line    0x00000000000023c9      0xa08 ./Drivers/STM32F0xx_HAL_Driver/stm32f0xx_hal.o
 .debug_line    0x0000000000002dd1     0x125a ./Drivers/STM32F0xx_HAL_Driver/stm32f0xx_hal_adc.o
 .debug_line    0x000000000000402b      0xab4 ./Drivers/STM32F0xx_HAL_Driver/stm32f0xx_hal_cortex.o
 .debug_line    0x0000000000004adf      0xb83 ./Drivers/STM32F0xx_HAL_Driver/stm32f0xx_hal_gpio.o
 .debug_line    0x0000000000005662     0x3814 ./Drivers/STM32F0xx_HAL_Driver/stm32f0xx_hal_i2c.o
 .debug_line    0x0000000000008e76      0x9ab ./Drivers/STM32F0xx_HAL_Driver/stm32f0xx_hal_i2c_ex.o
 .debug_line    0x0000000000009821      0xdf0 ./Drivers/STM32F0xx_HAL_Driver/stm32f0xx_hal_rcc.o
 .debug_line    0x000000000000a611     0x2c94 ./Drivers/STM32F0xx_HAL_Driver/stm32f0xx_hal_uart.o

.debug_str      0x0000000000000000    0x6da69
 .debug_str     0x0000000000000000    0x6b0ce ./Application/User/Core/main.o
                                      0x6b4b4 (size before relaxing)
 .debug_str     0x000000000006b0ce      0x113 ./Application/User/Core/stm32f0xx_hal_msp.o
                                      0x6b12d (size before relaxing)
 .debug_str     0x000000000006b1e1       0xc4 ./Application/User/Core/stm32f0xx_it.o
                                      0x6a61a (size before relaxing)
 .debug_str     0x000000000006b2a5       0x42 ./Application/User/Startup/startup_stm32f051c6tx.o
                                         0x9a (size before relaxing)
 .debug_str     0x000000000006b2e7       0xcd ./Drivers/CMSIS/system_stm32f0xx.o
                                      0x6a692 (size before relaxing)
 .debug_str     0x000000000006b3b4      0x523 ./Drivers/STM32F0xx_HAL_Driver/stm32f0xx_hal.o
                                      0x6ac58 (size before relaxing)
 .debug_str     0x000000000006b8d7      0x3c8 ./Drivers/STM32F0xx_HAL_Driver/stm32f0xx_hal_adc.o
                                      0x6ad9f (size before relaxing)
 .debug_str     0x000000000006bc9f      0x1ec ./Drivers/STM32F0xx_HAL_Driver/stm32f0xx_hal_cortex.o
                                      0x6aa49 (size before relaxing)
 .debug_str     0x000000000006be8b      0x14f ./Drivers/STM32F0xx_HAL_Driver/stm32f0xx_hal_gpio.o
                                      0x6a833 (size before relaxing)
 .debug_str     0x000000000006bfda      0xe86 ./Drivers/STM32F0xx_HAL_Driver/stm32f0xx_hal_i2c.o
                                      0x6b9f3 (size before relaxing)
 .debug_str     0x000000000006ce60       0xfa ./Drivers/STM32F0xx_HAL_Driver/stm32f0xx_hal_i2c_ex.o
                                      0x6ac1a (size before relaxing)
 .debug_str     0x000000000006cf5a      0x251 ./Drivers/STM32F0xx_HAL_Driver/stm32f0xx_hal_rcc.o
                                      0x6aace (size before relaxing)
 .debug_str     0x000000000006d1ab      0x8be ./Drivers/STM32F0xx_HAL_Driver/stm32f0xx_hal_uart.o
                                      0x6b3f6 (size before relaxing)

.comment        0x0000000000000000       0x50
 .comment       0x0000000000000000       0x50 ./Application/User/Core/main.o
                                         0x51 (size before relaxing)
 .comment       0x0000000000000050       0x51 ./Application/User/Core/stm32f0xx_hal_msp.o
 .comment       0x0000000000000050       0x51 ./Application/User/Core/stm32f0xx_it.o
 .comment       0x0000000000000050       0x51 ./Drivers/CMSIS/system_stm32f0xx.o
 .comment       0x0000000000000050       0x51 ./Drivers/STM32F0xx_HAL_Driver/stm32f0xx_hal.o
 .comment       0x0000000000000050       0x51 ./Drivers/STM32F0xx_HAL_Driver/stm32f0xx_hal_adc.o
 .comment       0x0000000000000050       0x51 ./Drivers/STM32F0xx_HAL_Driver/stm32f0xx_hal_cortex.o
 .comment       0x0000000000000050       0x51 ./Drivers/STM32F0xx_HAL_Driver/stm32f0xx_hal_gpio.o
 .comment       0x0000000000000050       0x51 ./Drivers/STM32F0xx_HAL_Driver/stm32f0xx_hal_i2c.o
 .comment       0x0000000000000050       0x51 ./Drivers/STM32F0xx_HAL_Driver/stm32f0xx_hal_i2c_ex.o
 .comment       0x0000000000000050       0x51 ./Drivers/STM32F0xx_HAL_Driver/stm32f0xx_hal_rcc.o
 .comment       0x0000000000000050       0x51 ./Drivers/STM32F0xx_HAL_Driver/stm32f0xx_hal_uart.o

.debug_frame    0x0000000000000000     0x22b4
 .debug_frame   0x0000000000000000      0x120 ./Application/User/Core/main.o
 .debug_frame   0x0000000000000120      0x130 ./Application/User/Core/stm32f0xx_hal_msp.o
 .debug_frame   0x0000000000000250       0x9c ./Application/User/Core/stm32f0xx_it.o
 .debug_frame   0x00000000000002ec       0x4c ./Drivers/CMSIS/system_stm32f0xx.o
 .debug_frame   0x0000000000000338      0x2a4 ./Drivers/STM32F0xx_HAL_Driver/stm32f0xx_hal.o
 .debug_frame   0x00000000000005dc      0x3a0 ./Drivers/STM32F0xx_HAL_Driver/stm32f0xx_hal_adc.o
 .debug_frame   0x000000000000097c      0x2a0 ./Drivers/STM32F0xx_HAL_Driver/stm32f0xx_hal_cortex.o
 .debug_frame   0x0000000000000c1c      0x110 ./Drivers/STM32F0xx_HAL_Driver/stm32f0xx_hal_gpio.o
 .debug_frame   0x0000000000000d2c      0xa64 ./Drivers/STM32F0xx_HAL_Driver/stm32f0xx_hal_i2c.o
 .debug_frame   0x0000000000001790       0xd0 ./Drivers/STM32F0xx_HAL_Driver/stm32f0xx_hal_i2c_ex.o
 .debug_frame   0x0000000000001860      0x198 ./Drivers/STM32F0xx_HAL_Driver/stm32f0xx_hal_rcc.o
 .debug_frame   0x00000000000019f8      0x850 ./Drivers/STM32F0xx_HAL_Driver/stm32f0xx_hal_uart.o
 .debug_frame   0x0000000000002248       0x2c /Applications/STM32CubeIDE.app/Contents/Eclipse/plugins/com.st.stm32cube.ide.mcu.externaltools.gnu-tools-for-stm32.10.3-2021.10.macos64_1.0.200.202301161003/tools/bin/../lib/gcc/arm-none-eabi/10.3.1/../../../../arm-none-eabi/lib/thumb/v6-m/nofp/libc_nano.a(lib_a-init.o)
 .debug_frame   0x0000000000002274       0x20 /Applications/STM32CubeIDE.app/Contents/Eclipse/plugins/com.st.stm32cube.ide.mcu.externaltools.gnu-tools-for-stm32.10.3-2021.10.macos64_1.0.200.202301161003/tools/bin/../lib/gcc/arm-none-eabi/10.3.1/../../../../arm-none-eabi/lib/thumb/v6-m/nofp/libc_nano.a(lib_a-memset.o)
 .debug_frame   0x0000000000002294       0x20 /Applications/STM32CubeIDE.app/Contents/Eclipse/plugins/com.st.stm32cube.ide.mcu.externaltools.gnu-tools-for-stm32.10.3-2021.10.macos64_1.0.200.202301161003/tools/bin/../lib/gcc/arm-none-eabi/10.3.1/thumb/v6-m/nofp/libgcc.a(_udivsi3.o)
